Component: Arm Compiler for Embedded 6.23 Tool: armlink [5f102400]

==============================================================================

Section Cross References

    startup_stm32f407xx.o(STACK) refers (Special) to heapauxi.o(.text) for __use_two_region_memory
    startup_stm32f407xx.o(HEAP) refers (Special) to heapauxi.o(.text) for __use_two_region_memory
    startup_stm32f407xx.o(RESET) refers (Special) to heapauxi.o(.text) for __use_two_region_memory
    startup_stm32f407xx.o(RESET) refers to startup_stm32f407xx.o(STACK) for __initial_sp
    startup_stm32f407xx.o(RESET) refers to startup_stm32f407xx.o(.text) for Reset_Handler
    startup_stm32f407xx.o(RESET) refers to stm32f4xx_it.o(.text.NMI_Handler) for NMI_Handler
    startup_stm32f407xx.o(RESET) refers to stm32f4xx_it.o(.text.HardFault_Handler) for HardFault_Handler
    startup_stm32f407xx.o(RESET) refers to stm32f4xx_it.o(.text.MemManage_Handler) for MemManage_Handler
    startup_stm32f407xx.o(RESET) refers to stm32f4xx_it.o(.text.BusFault_Handler) for BusFault_Handler
    startup_stm32f407xx.o(RESET) refers to stm32f4xx_it.o(.text.UsageFault_Handler) for UsageFault_Handler
    startup_stm32f407xx.o(RESET) refers to stm32f4xx_it.o(.text.SVC_Handler) for SVC_Handler
    startup_stm32f407xx.o(RESET) refers to stm32f4xx_it.o(.text.DebugMon_Handler) for DebugMon_Handler
    startup_stm32f407xx.o(RESET) refers to stm32f4xx_it.o(.text.PendSV_Handler) for PendSV_Handler
    startup_stm32f407xx.o(RESET) refers to stm32f4xx_it.o(.text.SysTick_Handler) for SysTick_Handler
    startup_stm32f407xx.o(RESET) refers to stm32f4xx_it.o(.text.ADC_IRQHandler) for ADC_IRQHandler
    startup_stm32f407xx.o(RESET) refers to stm32f4xx_it.o(.text.CAN1_RX0_IRQHandler) for CAN1_RX0_IRQHandler
    startup_stm32f407xx.o(RESET) refers to stm32f4xx_it.o(.text.TIM1_UP_TIM10_IRQHandler) for TIM1_UP_TIM10_IRQHandler
    startup_stm32f407xx.o(RESET) refers to stm32f4xx_it.o(.text.TIM2_IRQHandler) for TIM2_IRQHandler
    startup_stm32f407xx.o(RESET) refers to stm32f4xx_it.o(.text.USART2_IRQHandler) for USART2_IRQHandler
    startup_stm32f407xx.o(RESET) refers to stm32f4xx_it.o(.text.TIM6_DAC_IRQHandler) for TIM6_DAC_IRQHandler
    startup_stm32f407xx.o(RESET) refers to stm32f4xx_it.o(.text.DMA2_Stream0_IRQHandler) for DMA2_Stream0_IRQHandler
    startup_stm32f407xx.o(.text) refers (Special) to heapauxi.o(.text) for __use_two_region_memory
    startup_stm32f407xx.o(.text) refers to system_stm32f4xx.o(.text.SystemInit) for SystemInit
    startup_stm32f407xx.o(.text) refers to __main.o(!!!main) for __main
    startup_stm32f407xx.o(.text) refers to startup_stm32f407xx.o(HEAP) for Heap_Mem
    startup_stm32f407xx.o(.text) refers to startup_stm32f407xx.o(STACK) for Stack_Mem
    main.o(.text.HAL_TIM_PeriodElapsedCallback) refers to main.o(.bss.HAL_TIM_PeriodElapsedCallback.tick_count) for HAL_TIM_PeriodElapsedCallback.tick_count
    main.o(.text.HAL_TIM_PeriodElapsedCallback) refers to main_control.o(.text.System_Update) for System_Update
    main.o(.text.HAL_TIM_PeriodElapsedCallback) refers to main_control.o(.text.System_Heartbeat) for System_Heartbeat
    main.o(.text.HAL_TIM_PeriodElapsedCallback) refers to main_control.o(.bss.motor) for motor
    main.o(.text.HAL_TIM_PeriodElapsedCallback) refers to bldc.o(.text.BLDC_ReadHallSensors) for BLDC_ReadHallSensors
    main.o(.text.HAL_TIM_PeriodElapsedCallback) refers to bldc.o(.text.BLDC_SixStep_Commutation) for BLDC_SixStep_Commutation
    main.o(.ARM.exidx.text.HAL_TIM_PeriodElapsedCallback) refers to main.o(.text.HAL_TIM_PeriodElapsedCallback) for [Anonymous Symbol]
    main.o(.text.main) refers to stm32f4xx_hal.o(.text.HAL_Init) for HAL_Init
    main.o(.text.main) refers to main.o(.text.SystemClock_Config) for SystemClock_Config
    main.o(.text.main) refers to gpio.o(.text.MX_GPIO_Init) for MX_GPIO_Init
    main.o(.text.main) refers to dma.o(.text.MX_DMA_Init) for MX_DMA_Init
    main.o(.text.main) refers to adc.o(.text.MX_ADC1_Init) for MX_ADC1_Init
    main.o(.text.main) refers to can.o(.text.MX_CAN1_Init) for MX_CAN1_Init
    main.o(.text.main) refers to i2c.o(.text.MX_I2C1_Init) for MX_I2C1_Init
    main.o(.text.main) refers to spi.o(.text.MX_SPI1_Init) for MX_SPI1_Init
    main.o(.text.main) refers to tim.o(.text.MX_TIM1_Init) for MX_TIM1_Init
    main.o(.text.main) refers to tim.o(.text.MX_TIM2_Init) for MX_TIM2_Init
    main.o(.text.main) refers to usart.o(.text.MX_USART2_UART_Init) for MX_USART2_UART_Init
    main.o(.text.main) refers to tim.o(.text.MX_TIM6_Init) for MX_TIM6_Init
    main.o(.ARM.exidx.text.main) refers to main.o(.text.main) for [Anonymous Symbol]
    main.o(.text.SystemClock_Config) refers to rt_memclr_w.o(.text) for __aeabi_memclr4
    main.o(.text.SystemClock_Config) refers to stm32f4xx_hal_rcc.o(.text.HAL_RCC_OscConfig) for HAL_RCC_OscConfig
    main.o(.text.SystemClock_Config) refers to main.o(.text.Error_Handler) for Error_Handler
[...]
    [Anonymous Symbol]                       0x08004de0   Section        0  usart.o(.text.HAL_UART_MspInit)
    [Anonymous Symbol]                       0x08004e88   Section        0  stm32f4xx_hal_uart.o(.text.HAL_UART_Receive_IT)
    [Anonymous Symbol]                       0x08004ee0   Section        0  rs422_comm.o(.text.HAL_UART_RxCpltCallback)
    [Anonymous Symbol]                       0x08004f20   Section        0  stm32f4xx_hal_uart.o(.text.HAL_UART_TxCpltCallback)
    [Anonymous Symbol]                       0x08004f28   Section        0  stm32f4xx_it.o(.text.HardFault_Handler)
    [Anonymous Symbol]                       0x08004f2c   Section        0  foc.o(.text.Inverse_Park_Transform)
    [Anonymous Symbol]                       0x08004f9c   Section        0  encoder.o(.text.KTM5910_ReadAngle)
    [Anonymous Symbol]                       0x080050b0   Section        0  adc.o(.text.MX_ADC1_Init)
    [Anonymous Symbol]                       0x08005130   Section        0  can.o(.text.MX_CAN1_Init)
    [Anonymous Symbol]                       0x08005180   Section        0  dma.o(.text.MX_DMA_Init)
    [Anonymous Symbol]                       0x080051bc   Section        0  gpio.o(.text.MX_GPIO_Init)
    [Anonymous Symbol]                       0x08005310   Section        0  i2c.o(.text.MX_I2C1_Init)
    [Anonymous Symbol]                       0x08005358   Section        0  spi.o(.text.MX_SPI1_Init)
    [Anonymous Symbol]                       0x080053ac   Section        0  tim.o(.text.MX_TIM1_Init)
    [Anonymous Symbol]                       0x080054fc   Section        0  tim.o(.text.MX_TIM2_Init)
    [Anonymous Symbol]                       0x08005568   Section        0  tim.o(.text.MX_TIM6_Init)
    [Anonymous Symbol]                       0x080055c4   Section        0  usart.o(.text.MX_USART2_UART_Init)
    [Anonymous Symbol]                       0x08005604   Section        0  stm32f4xx_it.o(.text.MemManage_Handler)
    [Anonymous Symbol]                       0x08005608   Section        0  stm32f4xx_it.o(.text.NMI_Handler)
    NVIC_EncodePriority                      0x0800560d   Thumb Code   108  stm32f4xx_hal_cortex.o(.text.NVIC_EncodePriority)
    [Anonymous Symbol]                       0x0800560c   Section        0  stm32f4xx_hal_cortex.o(.text.NVIC_EncodePriority)
    [Anonymous Symbol]                       0x08005678   Section        0  pid.o(.text.PID_Calculate)
    [Anonymous Symbol]                       0x080057b0   Section        0  pid.o(.text.PID_SetTarget)
    [Anonymous Symbol]                       0x080057c4   Section        0  foc.o(.text.Park_Transform)
    [Anonymous Symbol]                       0x08005834   Section        0  stm32f4xx_it.o(.text.PendSV_Handler)
    [Anonymous Symbol]                       0x08005838   Section        0  rs422_comm.o(.text.RS422_Process_Byte)
    SPI_EndRxTxTransaction                   0x080059a1   Thumb Code   204  stm32f4xx_hal_spi.o(.text.SPI_EndRxTxTransaction)
    [Anonymous Symbol]                       0x080059a0   Section        0  stm32f4xx_hal_spi.o(.text.SPI_EndRxTxTransaction)
    SPI_WaitFlagStateUntilTimeout            0x08005a6d   Thumb Code   300  stm32f4xx_hal_spi.o(.text.SPI_WaitFlagStateUntilTimeout)
    [Anonymous Symbol]                       0x08005a6c   Section        0  stm32f4xx_hal_spi.o(.text.SPI_WaitFlagStateUntilTimeout)
    [Anonymous Symbol]                       0x08005b98   Section        0  stm32f4xx_it.o(.text.SVC_Handler)
    [Anonymous Symbol]                       0x08005b9c   Section        0  foc.o(.text.SVPWM_Generate)
    SysTick_Config                           0x08005fa9   Thumb Code    82  stm32f4xx_hal_cortex.o(.text.SysTick_Config)
    [Anonymous Symbol]                       0x08005fa8   Section        0  stm32f4xx_hal_cortex.o(.text.SysTick_Config)
    [Anonymous Symbol]                       0x08005ffc   Section        0  stm32f4xx_it.o(.text.SysTick_Handler)
    [Anonymous Symbol]                       0x08006004   Section        0  main.o(.text.SystemClock_Config)
    [Anonymous Symbol]                       0x080060c4   Section        0  system_stm32f4xx.o(.text.SystemInit)
    [Anonymous Symbol]                       0x080060d8   Section        0  main_control.o(.text.System_CheckFault)
    [Anonymous Symbol]                       0x08006204   Section        0  main_control.o(.text.System_Heartbeat)
    [Anonymous Symbol]                       0x08006218   Section        0  main_control.o(.text.System_Stop)
    [Anonymous Symbol]                       0x08006234   Section        0  main_control.o(.text.System_Update)
    [Anonymous Symbol]                       0x08006358   Section        0  stm32f4xx_it.o(.text.TIM1_UP_TIM10_IRQHandler)
    [Anonymous Symbol]                       0x08006368   Section        0  stm32f4xx_it.o(.text.TIM2_IRQHandler)
    [Anonymous Symbol]                       0x08006378   Section        0  stm32f4xx_it.o(.text.TIM6_DAC_IRQHandler)
    [Anonymous Symbol]                       0x08006388   Section        0  stm32f4xx_hal_tim.o(.text.TIM_Base_SetConfig)
    [Anonymous Symbol]                       0x0800652c   Section        0  stm32f4xx_hal_tim.o(.text.TIM_ETR_SetConfig)
    TIM_ITRx_SetConfig                       0x08006561   Thumb Code    42  stm32f4xx_hal_tim.o(.text.TIM_ITRx_SetConfig)
    [Anonymous Symbol]                       0x08006560   Section        0  stm32f4xx_hal_tim.o(.text.TIM_ITRx_SetConfig)
    TIM_OC1_SetConfig                        0x0800658d   Thumb Code   234  stm32f4xx_hal_tim.o(.text.TIM_OC1_SetConfig)
    [Anonymous Symbol]                       0x0800658c   Section        0  stm32f4xx_hal_tim.o(.text.TIM_OC1_SetConfig)
    [Anonymous Symbol]                       0x08006678   Section        0  stm32f4xx_hal_tim.o(.text.TIM_OC2_SetConfig)
    TIM_OC3_SetConfig                        0x0800676d   Thumb Code   242  stm32f4xx_hal_tim.o(.text.TIM_OC3_SetConfig)
    [Anonymous Symbol]                       0x0800676c   Section        0  stm32f4xx_hal_tim.o(.text.TIM_OC3_SetConfig)
    TIM_OC4_SetConfig                        0x08006861   Thumb Code   164  stm32f4xx_hal_tim.o(.text.TIM_OC4_SetConfig)
    [Anonymous Symbol]                       0x08006860   Section        0  stm32f4xx_hal_tim.o(.text.TIM_OC4_SetConfig)
    TIM_TI1_ConfigInputStage                 0x08006905   Thumb Code    80  stm32f4xx_hal_tim.o(.text.TIM_TI1_ConfigInputStage)
    [Anonymous Symbol]                       0x08006904   Section        0  stm32f4xx_hal_tim.o(.text.TIM_TI1_ConfigInputStage)
    [Anonymous Symbol]                       0x08006954   Section        0  stm32f4xx_hal_tim.o(.text.TIM_TI1_SetConfig)
    TIM_TI2_ConfigInputStage                 0x08006a6d   Thumb Code    82  stm32f4xx_hal_tim.o(.text.TIM_TI2_ConfigInputStage)
    [Anonymous Symbol]                       0x08006a6c   Section        0  stm32f4xx_hal_tim.o(.text.TIM_TI2_ConfigInputStage)
    UART_DMAAbortOnError                     0x08006ac1   Thumb Code    28  stm32f4xx_hal_uart.o(.text.UART_DMAAbortOnError)
    [Anonymous Symbol]                       0x08006ac0   Section        0  stm32f4xx_hal_uart.o(.text.UART_DMAAbortOnError)
    UART_EndRxTransfer                       0x08006add   Thumb Code   148  stm32f4xx_hal_uart.o(.text.UART_EndRxTransfer)
    [Anonymous Symbol]                       0x08006adc   Section        0  stm32f4xx_hal_uart.o(.text.UART_EndRxTransfer)
    UART_EndTransmit_IT                      0x08006b71   Thumb Code    38  stm32f4xx_hal_uart.o(.text.UART_EndTransmit_IT)
    [Anonymous Symbol]                       0x08006b70   Section        0  stm32f4xx_hal_uart.o(.text.UART_EndTransmit_IT)
    UART_Receive_IT                          0x08006b99   Thumb Code   360  stm32f4xx_hal_uart.o(.text.UART_Receive_IT)
    [Anonymous Symbol]                       0x08006b98   Section        0  stm32f4xx_hal_uart.o(.text.UART_Receive_IT)
    UART_SetConfig                           0x08006d01   Thumb Code   314  stm32f4xx_hal_uart.o(.text.UART_SetConfig)
    [Anonymous Symbol]                       0x08006d00   Section        0  stm32f4xx_hal_uart.o(.text.UART_SetConfig)
    [Anonymous Symbol]                       0x08006e3c   Section        0  stm32f4xx_hal_uart.o(.text.UART_Start_Receive_IT)
    UART_Transmit_IT                         0x08006ea1   Thumb Code   148  stm32f4xx_hal_uart.o(.text.UART_Transmit_IT)
    [Anonymous Symbol]                       0x08006ea0   Section        0  stm32f4xx_hal_uart.o(.text.UART_Transmit_IT)
    [Anonymous Symbol]                       0x08006f34   Section        0  stm32f4xx_it.o(.text.USART2_IRQHandler)
    [Anonymous Symbol]                       0x08006f44   Section        0  stm32f4xx_it.o(.text.UsageFault_Handler)
    __NVIC_EnableIRQ                         0x08006f49   Thumb Code    48  stm32f4xx_hal_cortex.o(.text.__NVIC_EnableIRQ)
    [Anonymous Symbol]                       0x08006f48   Section        0  stm32f4xx_hal_cortex.o(.text.__NVIC_EnableIRQ)
    __NVIC_GetPriorityGrouping               0x08006f79   Thumb Code    16  stm32f4xx_hal_cortex.o(.text.__NVIC_GetPriorityGrouping)
    [Anonymous Symbol]                       0x08006f78   Section        0  stm32f4xx_hal_cortex.o(.text.__NVIC_GetPriorityGrouping)
    __NVIC_SetPriority                       0x08006f89   Thumb Code    66  stm32f4xx_hal_cortex.o(.text.__NVIC_SetPriority)
    [Anonymous Symbol]                       0x08006f88   Section        0  stm32f4xx_hal_cortex.o(.text.__NVIC_SetPriority)
    __NVIC_SetPriorityGrouping               0x08006fcd   Thumb Code    60  stm32f4xx_hal_cortex.o(.text.__NVIC_SetPriorityGrouping)
    [Anonymous Symbol]                       0x08006fcc   Section        0  stm32f4xx_hal_cortex.o(.text.__NVIC_SetPriorityGrouping)
    [Anonymous Symbol]                       0x08007008   Section        0  main.o(.text.main)
    i.__ARM_fpclassifyf                      0x08007044   Section        0  fpclassifyf.o(i.__ARM_fpclassifyf)
    i.__hardfp_cosf                          0x0800706c   Section        0  cosf.o(i.__hardfp_cosf)
    i.__hardfp_sinf                          0x080071bc   Section        0  sinf.o(i.__hardfp_sinf)
    i.__mathlib_flt_infnan                   0x0800734c   Section        0  funder.o(i.__mathlib_flt_infnan)
    i.__mathlib_flt_invalid                  0x08007354   Section        0  funder.o(i.__mathlib_flt_invalid)
    i.__mathlib_flt_underflow                0x08007364   Section        0  funder.o(i.__mathlib_flt_underflow)
    i.__mathlib_rredf2                       0x08007374   Section        0  rredf.o(i.__mathlib_rredf2)
    $v0                                      0x080074c8   Number         0  fpinit.o(x$fpl$fpinit)
    x$fpl$fpinit                             0x080074c8   Section       26  fpinit.o(x$fpl$fpinit)
    x$fpl$usenofp                            0x080074e2   Section        0  usenofp.o(x$fpl$usenofp)
    twooverpi                                0x080074e4   Data          32  rredf.o(.constdata)
    .constdata                               0x080074e4   Section       32  rredf.o(.constdata)
    DMA_CalcBaseAndBitshift.flagBitshiftOffset 0x0800751c   Data           8  stm32f4xx_hal_dma.o(.rodata.DMA_CalcBaseAndBitshift.flagBitshiftOffset)
    [Anonymous Symbol]                       0x0800751c   Section        0  stm32f4xx_hal_dma.o(.rodata.DMA_CalcBaseAndBitshift.flagBitshiftOffset)
    .bss                                     0x20000010   Section       96  libspace.o(.bss)
    HAL_TIM_PeriodElapsedCallback.tick_count 0x20000070   Data           4  main.o(.bss.HAL_TIM_PeriodElapsedCallback.tick_count)
    [Anonymous Symbol]                       0x20000070   Section        0  main.o(.bss.HAL_TIM_PeriodElapsedCallback.tick_count)
    HAL_UART_RxCpltCallback.rx_byte          0x20000074   Data           1  rs422_comm.o(.bss.HAL_UART_RxCpltCallback.rx_byte)
    [Anonymous Symbol]                       0x20000074   Section        0  rs422_comm.o(.bss.HAL_UART_RxCpltCallback.rx_byte)
    System_Update.last_heartbeat_time        0x20000078   Data           4  main_control.o(.bss.System_Update.last_heartbeat_time)
    [Anonymous Symbol]                       0x20000078   Section        0  main_control.o(.bss.System_Update.last_heartbeat_time)
    System_Update.last_status_time           0x2000007c   Data           4  main_control.o(.bss.System_Update.last_status_time)
    [Anonymous Symbol]                       0x2000007c   Section        0  main_control.o(.bss.System_Update.last_status_time)
    System_Update.last_time                  0x20000080   Data           4  main_control.o(.bss.System_Update.last_time)
    [Anonymous Symbol]                       0x20000080   Section        0  main_control.o(.bss.System_Update.last_time)
    Heap_Mem                                 0x200004e8   Data         512  startup_stm32f407xx.o(HEAP)
    HEAP                                     0x200004e8   Section      512  startup_stm32f407xx.o(HEAP)
    Stack_Mem                                0x200006e8   Data        1024  startup_stm32f407xx.o(STACK)
    STACK                                    0x200006e8   Section     1024  startup_stm32f407xx.o(STACK)
    __initial_sp                             0x20000ae8   Data           0  startup_stm32f407xx.o(STACK)

    Global Symbols

    Symbol Name                              Value     Ov Type        Size  Object(Section)

    BuildAttributes$$THM_ISAv4$E$P$D$K$B$S$7EM$VFPi3$EXTD16$VFPS$VFMA$PE$A:L22UL41UL21$X:L11$S22US41US21$IEEE1$IW$~IW$USESV6$~STKCKD$USESV7$~SHL$OTIME$ROPI$IEEEX$EBA8$UX$STANDARDLIB$REQ8$PRES8$EABIv2 0x00000000   Number         0  anon$$obj.o ABSOLUTE
    __ARM_exceptions_init                     - Undefined Weak Reference
    __alloca_initialize                       - Undefined Weak Reference
    __arm_preinit_                            - Undefined Weak Reference
    __arm_relocate_pie_                       - Undefined Weak Reference
    __cpp_initialize__aeabi_                  - Undefined Weak Reference
    __cxa_finalize                            - Undefined Weak Reference
    __rt_locale                               - Undefined Weak Reference
    __sigvec_lookup                           - Undefined Weak Reference
    __user_heap_extent                        - Undefined Weak Reference
    _atexit_init                              - Undefined Weak Reference
    _call_atexit_fns                          - Undefined Weak Reference
    _clock_init                               - Undefined Weak Reference
    _fp_trap_init                             - Undefined Weak Reference
    _fp_trap_shutdown                         - Undefined Weak Reference
    _get_lc_collate                           - Undefined Weak Reference
    _get_lc_ctype                             - Undefined Weak Reference
    _get_lc_monetary                          - Undefined Weak Reference
    _get_lc_numeric                           - Undefined Weak Reference
    _get_lc_time                              - Undefined Weak Reference
    _getenv_init                              - Undefined Weak Reference
    _handle_redirection                       - Undefined Weak Reference
    _initio                                   - Undefined Weak Reference
    _mutex_acquire                            - Undefined Weak Reference
    _mutex_free                               - Undefined Weak Reference
    _mutex_release                            - Undefined Weak Reference
    _rand_init                                - Undefined Weak Reference
    _signal_finish                            - Undefined Weak Reference
    _signal_init                              - Undefined Weak Reference
    _terminateio                              - Undefined Weak Reference
    __Vectors_Size                           0x00000188   Number         0  startup_stm32f407xx.o ABSOLUTE
    __Vectors                                0x08000000   Data           4  startup_stm32f407xx.o(RESET)
    __Vectors_End                            0x08000188   Data           0  startup_stm32f407xx.o(RESET)
    __main                                   0x08000189   Thumb Code     8  __main.o(!!!main)
    __scatterload                            0x08000191   Thumb Code     0  __scatter.o(!!!scatter)
    __scatterload_rt2                        0x08000191   Thumb Code    84  __scatter.o(!!!scatter)
    __scatterload_rt2_thumb_only             0x08000191   Thumb Code     0  __scatter.o(!!!scatter)
    __scatterload_loop                       0x0800019b   Thumb Code     0  __scatter.o(!!!scatter)
    __scatterload_copy                       0x080001ed   Thumb Code    26  __scatter_copy.o(!!handler_copy)
    __scatterload_null                       0x08000209   Thumb Code     2  __scatter.o(!!handler_null)
    __scatterload_zeroinit                   0x0800020d   Thumb Code    28  __scatter_zi.o(!!handler_zi)
    __rt_lib_init                            0x08000229   Thumb Code     0  libinit.o(.ARM.Collect$$libinit$$00000000)
    __rt_lib_init_fp_1                       0x0800022b   Thumb Code     0  libinit2.o(.ARM.Collect$$libinit$$00000001)
    __rt_lib_init_alloca_1                   0x0800022f   Thumb Code     0  libinit2.o(.ARM.Collect$$libinit$$00000030)
    __rt_lib_init_argv_1                     0x0800022f   Thumb Code     0  libinit2.o(.ARM.Collect$$libinit$$0000002E)
    __rt_lib_init_atexit_1                   0x0800022f   Thumb Code     0  libinit2.o(.ARM.Collect$$libinit$$0000001D)
    __rt_lib_init_clock_1                    0x0800022f   Thumb Code     0  libinit2.o(.ARM.Collect$$libinit$$00000023)
    __rt_lib_init_cpp_1                      0x0800022f   Thumb Code     0  libinit2.o(.ARM.Collect$$libinit$$00000034)
    __rt_lib_init_exceptions_1               0x0800022f   Thumb Code     0  libinit2.o(.ARM.Collect$$libinit$$00000032)
    __rt_lib_init_fp_trap_1                  0x0800022f   Thumb Code     0  libinit2.o(.ARM.Collect$$libinit$$00000021)
    __rt_lib_init_getenv_1                   0x0800022f   Thumb Code     0  libinit2.o(.ARM.Collect$$libinit$$00000025)
    __rt_lib_init_heap_1                     0x0800022f   Thumb Code     0  libinit2.o(.ARM.Collect$$libinit$$0000000C)
    __rt_lib_init_lc_collate_1               0x0800022f   Thumb Code     0  libinit2.o(.ARM.Collect$$libinit$$00000013)
    __rt_lib_init_lc_ctype_1                 0x0800022f   Thumb Code     0  libinit2.o(.ARM.Collect$$libinit$$00000015)
    __rt_lib_init_lc_monetary_1              0x0800022f   Thumb Code     0  libinit2.o(.ARM.Collect$$libinit$$00000017)
    __rt_lib_init_lc_numeric_1               0x0800022f   Thumb Code     0  libinit2.o(.ARM.Collect$$libinit$$00000019)
    __rt_lib_init_lc_time_1                  0x0800022f   Thumb Code     0  libinit2.o(.ARM.Collect$$libinit$$0000001B)
    __rt_lib_init_preinit_1                  0x0800022f   Thumb Code     0  libinit2.o(.ARM.Collect$$libinit$$00000006)
    __rt_lib_init_rand_1                     0x0800022f   Thumb Code     0  libinit2.o(.ARM.Collect$$libinit$$00000010)
    __rt_lib_init_relocate_pie_1             0x0800022f   Thumb Code     0  libinit2.o(.ARM.Collect$$libinit$$00000004)
    __rt_lib_init_return                     0x0800022f   Thumb Code     0  libinit2.o(.ARM.Collect$$libinit$$00000035)
    __rt_lib_init_signal_1                   0x0800022f   Thumb Code     0  libinit2.o(.ARM.Collect$$libinit$$0000001F)
    __rt_lib_init_stdio_1                    0x0800022f   Thumb Code     0  libinit2.o(.ARM.Collect$$libinit$$00000027)
    __rt_lib_init_user_alloc_1               0x0800022f   Thumb Code     0  libinit2.o(.ARM.Collect$$libinit$$0000000E)
    __rt_lib_shutdown                        0x08000231   Thumb Code     0  libshutdown.o(.ARM.Collect$$libshutdown$$00000000)
    __rt_lib_shutdown_cpp_1                  0x08000233   Thumb Code     0  libshutdown2.o(.ARM.Collect$$libshutdown$$00000002)
    __rt_lib_shutdown_fp_trap_1              0x08000233   Thumb Code     0  libshutdown2.o(.ARM.Collect$$libshutdown$$00000007)
    __rt_lib_shutdown_heap_1                 0x08000233   Thumb Code     0  libshutdown2.o(.ARM.Collect$$libshutdown$$0000000F)
    __rt_lib_shutdown_return                 0x08000233   Thumb Code     0  libshutdown2.o(.ARM.Collect$$libshutdown$$00000010)
    __rt_lib_shutdown_signal_1               0x08000233   Thumb Code     0  libshutdown2.o(.ARM.Collect$$libshutdown$$0000000A)
    __rt_lib_shutdown_stdio_1                0x08000233   Thumb Code     0  libshutdown2.o(.ARM.Collect$$libshutdown$$00000004)
    __rt_lib_shutdown_user_alloc_1           0x08000233   Thumb Code     0  libshutdown2.o(.ARM.Collect$$libshutdown$$0000000C)
    __rt_entry                               0x08000235   Thumb Code     0  __rtentry.o(.ARM.Collect$$rtentry$$00000000)
    __rt_entry_presh_1                       0x08000235   Thumb Code     0  __rtentry2.o(.ARM.Collect$$rtentry$$00000002)
    __rt_entry_sh                            0x08000235   Thumb Code     0  __rtentry4.o(.ARM.Collect$$rtentry$$00000004)
    __rt_entry_li                            0x0800023b   Thumb Code     0  __rtentry2.o(.ARM.Collect$$rtentry$$0000000A)
    __rt_entry_postsh_1                      0x0800023b   Thumb Code     0  __rtentry2.o(.ARM.Collect$$rtentry$$00000009)
    __rt_entry_main                          0x0800023f   Thumb Code     0  __rtentry2.o(.ARM.Collect$$rtentry$$0000000D)
    __rt_entry_postli_1                      0x0800023f   Thumb Code     0  __rtentry2.o(.ARM.Collect$$rtentry$$0000000C)
    __rt_exit                                0x08000247   Thumb Code     0  rtexit.o(.ARM.Collect$$rtexit$$00000000)
    __rt_exit_ls                             0x08000249   Thumb Code     0  rtexit2.o(.ARM.Collect$$rtexit$$00000003)
    __rt_exit_prels_1                        0x08000249   Thumb Code     0  rtexit2.o(.ARM.Collect$$rtexit$$00000002)
    __rt_exit_exit                           0x0800024d   Thumb Code     0  rtexit2.o(.ARM.Collect$$rtexit$$00000004)
    Reset_Handler                            0x08000255   Thumb Code     8  startup_stm32f407xx.o(.text)
    CAN1_RX1_IRQHandler                      0x0800026f   Thumb Code     0  startup_stm32f407xx.o(.text)
    CAN1_SCE_IRQHandler                      0x0800026f   Thumb Code     0  startup_stm32f407xx.o(.text)
    CAN1_TX_IRQHandler                       0x0800026f   Thumb Code     0  startup_stm32f407xx.o(.text)
    CAN2_RX0_IRQHandler                      0x0800026f   Thumb Code     0  startup_stm32f407xx.o(.text)
    CAN2_RX1_IRQHandler                      0x0800026f   Thumb Code     0  startup_stm32f407xx.o(.text)
    CAN2_SCE_IRQHandler                      0x0800026f   Thumb Code     0  startup_stm32f407xx.o(.text)
    CAN2_TX_IRQHandler                       0x0800026f   Thumb Code     0  startup_stm32f407xx.o(.text)
    DCMI_IRQHandler                          0x0800026f   Thumb Code     0  startup_stm32f407xx.o(.text)
    DMA1_Stream0_IRQHandler                  0x0800026f   Thumb Code     0  startup_stm32f407xx.o(.text)
    DMA1_Stream1_IRQHandler                  0x0800026f   Thumb Code     0  startup_stm32f407xx.o(.text)
    DMA1_Stream2_IRQHandler                  0x0800026f   Thumb Code     0  startup_stm32f407xx.o(.text)
    DMA1_Stream3_IRQHandler                  0x0800026f   Thumb Code     0  startup_stm32f407xx.o(.text)
    DMA1_Stream4_IRQHandler                  0x0800026f   Thumb Code     0  startup_stm32f407xx.o(.text)
    DMA1_Stream5_IRQHandler                  0x0800026f   Thumb Code     0  startup_stm32f407xx.o(.text)
    DMA1_Stream6_IRQHandler                  0x0800026f   Thumb Code     0  startup_stm32f407xx.o(.text)
    DMA1_Stream7_IRQHandler                  0x0800026f   Thumb Code     0  startup_stm32f407xx.o(.text)
    DMA2_Stream1_IRQHandler                  0x0800026f   Thumb Code     0  startup_stm32f407xx.o(.text)
    DMA2_Stream2_IRQHandler                  0x0800026f   Thumb Code     0  startup_stm32f407xx.o(.text)
    DMA2_Stream3_IRQHandler                  0x0800026f   Thumb Code     0  startup_stm32f407xx.o(.text)
    DMA2_Stream4_IRQHandler                  0x0800026f   Thumb Code     0  startup_stm32f407xx.o(.text)
    DMA2_Stream5_IRQHandler                  0x0800026f   Thumb Code     0  startup_stm32f407xx.o(.text)
    DMA2_Stream6_IRQHandler                  0x0800026f   Thumb Code     0  startup_stm32f407xx.o(.text)
    DMA2_Stream7_IRQHandler                  0x0800026f   Thumb Code     0  startup_stm32f407xx.o(.text)
    ETH_IRQHandler                           0x0800026f   Thumb Code     0  startup_stm32f407xx.o(.text)
    ETH_WKUP_IRQHandler                      0x0800026f   Thumb Code     0  startup_stm32f407xx.o(.text)
    EXTI0_IRQHandler                         0x0800026f   Thumb Code     0  startup_stm32f407xx.o(.text)
    EXTI15_10_IRQHandler                     0x0800026f   Thumb Code     0  startup_stm32f407xx.o(.text)
    EXTI1_IRQHandler                         0x0800026f   Thumb Code     0  startup_stm32f407xx.o(.text)
    EXTI2_IRQHandler                         0x0800026f   Thumb Code     0  startup_stm32f407xx.o(.text)
    EXTI3_IRQHandler                         0x0800026f   Thumb Code     0  startup_stm32f407xx.o(.text)
    EXTI4_IRQHandler                         0x0800026f   Thumb Code     0  startup_stm32f407xx.o(.text)
    EXTI9_5_IRQHandler                       0x0800026f   Thumb Code     0  startup_stm32f407xx.o(.text)
    FLASH_IRQHandler                         0x0800026f   Thumb Code     0  startup_stm32f407xx.o(.text)
    FMC_IRQHandler                           0x0800026f   Thumb Code     0  startup_stm32f407xx.o(.text)
    FPU_IRQHandler                           0x0800026f   Thumb Code     0  startup_stm32f407xx.o(.text)
    HASH_RNG_IRQHandler                      0x0800026f   Thumb Code     0  startup_stm32f407xx.o(.text)
    I2C1_ER_IRQHandler                       0x0800026f   Thumb Code     0  startup_stm32f407xx.o(.text)
    I2C1_EV_IRQHandler                       0x0800026f   Thumb Code     0  startup_stm32f407xx.o(.text)
    I2C2_ER_IRQHandler                       0x0800026f   Thumb Code     0  startup_stm32f407xx.o(.text)
    I2C2_EV_IRQHandler                       0x0800026f   Thumb Code     0  startup_stm32f407xx.o(.text)
    I2C3_ER_IRQHandler                       0x0800026f   Thumb Code     0  startup_stm32f407xx.o(.text)
    I2C3_EV_IRQHandler                       0x0800026f   Thumb Code     0  startup_stm32f407xx.o(.text)
    OTG_FS_IRQHandler                        0x0800026f   Thumb Code     0  startup_stm32f407xx.o(.text)
    OTG_FS_WKUP_IRQHandler                   0x0800026f   Thumb Code     0  startup_stm32f407xx.o(.text)
    OTG_HS_EP1_IN_IRQHandler                 0x0800026f   Thumb Code     0  startup_stm32f407xx.o(.text)
    OTG_HS_EP1_OUT_IRQHandler                0x0800026f   Thumb Code     0  startup_stm32f407xx.o(.text)
    OTG_HS_IRQHandler                        0x0800026f   Thumb Code     0  startup_stm32f407xx.o(.text)
    OTG_HS_WKUP_IRQHandler                   0x0800026f   Thumb Code     0  startup_stm32f407xx.o(.text)
    PVD_IRQHandler                           0x0800026f   Thumb Code     0  startup_stm32f407xx.o(.text)
    RCC_IRQHandler                           0x0800026f   Thumb Code     0  startup_stm32f407xx.o(.text)
    RTC_Alarm_IRQHandler                     0x0800026f   Thumb Code     0  startup_stm32f407xx.o(.text)
    RTC_WKUP_IRQHandler                      0x0800026f   Thumb Code     0  startup_stm32f407xx.o(.text)
    SDIO_IRQHandler                          0x0800026f   Thumb Code     0  startup_stm32f407xx.o(.text)
    SPI1_IRQHandler                          0x0800026f   Thumb Code     0  startup_stm32f407xx.o(.text)
    SPI2_IRQHandler                          0x0800026f   Thumb Code     0  startup_stm32f407xx.o(.text)
    SPI3_IRQHandler                          0x0800026f   Thumb Code     0  startup_stm32f407xx.o(.text)
    TAMP_STAMP_IRQHandler                    0x0800026f   Thumb Code     0  startup_stm32f407xx.o(.text)
    TIM1_BRK_TIM9_IRQHandler                 0x0800026f   Thumb Code     0  startup_stm32f407xx.o(.text)
    TIM1_CC_IRQHandler                       0x0800026f   Thumb Code     0  startup_stm32f407xx.o(.text)
    TIM1_TRG_COM_TIM11_IRQHandler            0x0800026f   Thumb Code     0  startup_stm32f407xx.o(.text)
    TIM3_IRQHandler                          0x0800026f   Thumb Code     0  startup_stm32f407xx.o(.text)
    TIM4_IRQHandler                          0x0800026f   Thumb Code     0  startup_stm32f407xx.o(.text)
    TIM5_IRQHandler                          0x0800026f   Thumb Code     0  startup_stm32f407xx.o(.text)
    TIM7_IRQHandler                          0x0800026f   Thumb Code     0  startup_stm32f407xx.o(.text)
    TIM8_BRK_TIM12_IRQHandler                0x0800026f   Thumb Code     0  startup_stm32f407xx.o(.text)
    TIM8_CC_IRQHandler                       0x0800026f   Thumb Code     0  startup_stm32f407xx.o(.text)
    TIM8_TRG_COM_TIM14_IRQHandler            0x0800026f   Thumb Code     0  startup_stm32f407xx.o(.text)
    TIM8_UP_TIM13_IRQHandler                 0x0800026f   Thumb Code     0  startup_stm32f407xx.o(.text)
    UART4_IRQHandler                         0x0800026f   Thumb Code     0  startup_stm32f407xx.o(.text)
    UART5_IRQHandler                         0x0800026f   Thumb Code     0  startup_stm32f407xx.o(.text)
    USART1_IRQHandler                        0x0800026f   Thumb Code     0  startup_stm32f407xx.o(.text)
    USART3_IRQHandler                        0x0800026f   Thumb Code     0  startup_stm32f407xx.o(.text)
    USART6_IRQHandler                        0x0800026f   Thumb Code     0  startup_stm32f407xx.o(.text)
    WWDG_IRQHandler                          0x0800026f   Thumb Code     0  startup_stm32f407xx.o(.text)
    __user_initial_stackheap                 0x08000271   Thumb Code     0  startup_stm32f407xx.o(.text)
    __aeabi_uldivmod                         0x08000295   Thumb Code     0  lludivv7m.o(.text)
    _ll_udiv                                 0x08000295   Thumb Code   240  lludivv7m.o(.text)
    __aeabi_memclr4                          0x08000385   Thumb Code     0  rt_memclr_w.o(.text)
    __aeabi_memclr8                          0x08000385   Thumb Code     0  rt_memclr_w.o(.text)
    __rt_memclr_w                            0x08000385   Thumb Code     0  rt_memclr_w.o(.text)
    _memset_w                                0x08000389   Thumb Code    74  rt_memclr_w.o(.text)
    __use_two_region_memory                  0x080003d3   Thumb Code     2  heapauxi.o(.text)
    __rt_heap_escrow                         0x080003d5   Thumb Code     2  heapauxi.o(.text)
    __rt_heap_expand                         0x080003d7   Thumb Code     2  heapauxi.o(.text)
    __read_errno                             0x080003d9   Thumb Code    10  _rserrno.o(.text)
    __set_errno                              0x080003e3   Thumb Code    12  _rserrno.o(.text)
    __user_libspace                          0x080003f1   Thumb Code     8  libspace.o(.text)
    __user_perproc_libspace                  0x080003f1   Thumb Code     0  libspace.o(.text)
    __user_perthread_libspace                0x080003f1   Thumb Code     0  libspace.o(.text)
    __aeabi_errno_addr                       0x080003f9   Thumb Code     8  rt_errno_addr_intlibspace.o(.text)
    __errno$intlibspace                      0x080003f9   Thumb Code     0  rt_errno_addr_intlibspace.o(.text)
    __rt_errno_addr$intlibspace              0x080003f9   Thumb Code     0  rt_errno_addr_intlibspace.o(.text)
    __I$use$semihosting                      0x08000401   Thumb Code     0  use_no_semi.o(.text)
    __use_no_semihosting_swi                 0x08000401   Thumb Code     2  use_no_semi.o(.text)
    __semihosting_library_function           0x08000403   Thumb Code     0  indicate_semi.o(.text)
    __user_setup_stackheap                   0x08000403   Thumb Code    74  sys_stackheap_outer.o(.text)
    exit                                     0x0800044d   Thumb Code    18  exit.o(.text)
    _sys_exit                                0x08000461   Thumb Code     8  sys_exit.o(.text)
    ADC_IRQHandler                           0x0800046d   Thumb Code    16  stm32f4xx_it.o(.text.ADC_IRQHandler)
    BLDC_FOC_Control                         0x08000609   Thumb Code   240  bldc.o(.text.BLDC_FOC_Control)
    BLDC_ReadHallSensors                     0x08000701   Thumb Code    86  bldc.o(.text.BLDC_ReadHallSensors)
    BLDC_SetCurrent                          0x08000759   Thumb Code    34  bldc.o(.text.BLDC_SetCurrent)
    BLDC_SetSpeed                            0x0800077d   Thumb Code   108  bldc.o(.text.BLDC_SetSpeed)
    BLDC_SixStep_Commutation                 0x080007e9   Thumb Code   226  bldc.o(.text.BLDC_SixStep_Commutation)
    BLDC_Stop                                0x080008cd   Thumb Code    40  bldc.o(.text.BLDC_Stop)
    BLDC_Update                              0x080008f5   Thumb Code    78  bldc.o(.text.BLDC_Update)
    BusFault_Handler                         0x08000945   Thumb Code     4  stm32f4xx_it.o(.text.BusFault_Handler)
    CAN1_RX0_IRQHandler                      0x08000949   Thumb Code    16  stm32f4xx_it.o(.text.CAN1_RX0_IRQHandler)
    CAN_Process_Command                      0x08000959   Thumb Code   228  can_comm.o(.text.CAN_Process_Command)
    CAN_Receive_Callback                     0x08000a3d   Thumb Code   126  can_comm.o(.text.CAN_Receive_Callback)
    CAN_Send_Heartbeat                       0x08000abd   Thumb Code    26  can_comm.o(.text.CAN_Send_Heartbeat)
    CAN_Send_Message                         0x08000ad9   Thumb Code    92  can_comm.o(.text.CAN_Send_Message)
    CAN_Send_Status                          0x08000b35   Thumb Code    36  can_comm.o(.text.CAN_Send_Status)
    Clark_Transform                          0x08000b59   Thumb Code    56  foc.o(.text.Clark_Transform)
    DMA2_Stream0_IRQHandler                  0x08000b95   Thumb Code    16  stm32f4xx_it.o(.text.DMA2_Stream0_IRQHandler)
    DebugMon_Handler                         0x08000ced   Thumb Code     2  stm32f4xx_it.o(.text.DebugMon_Handler)
    Encoder_GetSpeed                         0x08000cf1   Thumb Code   160  encoder.o(.text.Encoder_GetSpeed)
    Encoder_Update                           0x08000da1   Thumb Code    36  encoder.o(.text.Encoder_Update)
    Error_Handler                            0x08000dc5   Thumb Code     6  main.o(.text.Error_Handler)
    FOC_Update                               0x08000dcd   Thumb Code   106  foc.o(.text.FOC_Update)
    HAL_ADCEx_InjectedConvCpltCallback       0x08000e39   Thumb Code     8  stm32f4xx_hal_adc_ex.o(.text.HAL_ADCEx_InjectedConvCpltCallback)
    HAL_ADC_ConfigChannel                    0x08000e41   Thumb Code   536  stm32f4xx_hal_adc.o(.text.HAL_ADC_ConfigChannel)
    HAL_ADC_ConvCpltCallback                 0x08001059   Thumb Code     8  current_sense.o(.text.HAL_ADC_ConvCpltCallback)
    HAL_ADC_ErrorCallback                    0x08001061   Thumb Code     8  stm32f4xx_hal_adc.o(.text.HAL_ADC_ErrorCallback)
    HAL_ADC_IRQHandler                       0x08001069   Thumb Code   540  stm32f4xx_hal_adc.o(.text.HAL_ADC_IRQHandler)
    HAL_ADC_Init                             0x08001285   Thumb Code   168  stm32f4xx_hal_adc.o(.text.HAL_ADC_Init)
    HAL_ADC_LevelOutOfWindowCallback         0x0800132d   Thumb Code     8  stm32f4xx_hal_adc.o(.text.HAL_ADC_LevelOutOfWindowCallback)
    HAL_ADC_MspInit                          0x08001335   Thumb Code   246  adc.o(.text.HAL_ADC_MspInit)
    HAL_CAN_AddTxMessage                     0x0800142d   Thumb Code   342  stm32f4xx_hal_can.o(.text.HAL_CAN_AddTxMessage)
    HAL_CAN_ErrorCallback                    0x08001585   Thumb Code     8  stm32f4xx_hal_can.o(.text.HAL_CAN_ErrorCallback)
    HAL_CAN_GetRxMessage                     0x0800158d   Thumb Code   530  stm32f4xx_hal_can.o(.text.HAL_CAN_GetRxMessage)
    HAL_CAN_IRQHandler                       0x080017a1   Thumb Code  1010  stm32f4xx_hal_can.o(.text.HAL_CAN_IRQHandler)
    HAL_CAN_Init                             0x08001b95   Thumb Code   478  stm32f4xx_hal_can.o(.text.HAL_CAN_Init)
    HAL_CAN_MspInit                          0x08001d75   Thumb Code   168  can.o(.text.HAL_CAN_MspInit)
    HAL_CAN_RxFifo0FullCallback              0x08001e1d   Thumb Code     8  stm32f4xx_hal_can.o(.text.HAL_CAN_RxFifo0FullCallback)
    HAL_CAN_RxFifo0MsgPendingCallback        0x08001e25   Thumb Code    38  can_comm.o(.text.HAL_CAN_RxFifo0MsgPendingCallback)
    HAL_CAN_RxFifo1FullCallback              0x08001e4d   Thumb Code     8  stm32f4xx_hal_can.o(.text.HAL_CAN_RxFifo1FullCallback)
    HAL_CAN_RxFifo1MsgPendingCallback        0x08001e55   Thumb Code     8  stm32f4xx_hal_can.o(.text.HAL_CAN_RxFifo1MsgPendingCallback)
    HAL_CAN_SleepCallback                    0x08001e5d   Thumb Code     8  stm32f4xx_hal_can.o(.text.HAL_CAN_SleepCallback)
    HAL_CAN_TxMailbox0AbortCallback          0x08001e65   Thumb Code     8  stm32f4xx_hal_can.o(.text.HAL_CAN_TxMailbox0AbortCallback)
    HAL_CAN_TxMailbox0CompleteCallback       0x08001e6d   Thumb Code     8  stm32f4xx_hal_can.o(.text.HAL_CAN_TxMailbox0CompleteCallback)
    HAL_CAN_TxMailbox1AbortCallback          0x08001e75   Thumb Code     8  stm32f4xx_hal_can.o(.text.HAL_CAN_TxMailbox1AbortCallback)
    HAL_CAN_TxMailbox1CompleteCallback       0x08001e7d   Thumb Code     8  stm32f4xx_hal_can.o(.text.HAL_CAN_TxMailbox1CompleteCallback)
    HAL_CAN_TxMailbox2AbortCallback          0x08001e85   Thumb Code     8  stm32f4xx_hal_can.o(.text.HAL_CAN_TxMailbox2AbortCallback)
    HAL_CAN_TxMailbox2CompleteCallback       0x08001e8d   Thumb Code     8  stm32f4xx_hal_can.o(.text.HAL_CAN_TxMailbox2CompleteCallback)
    HAL_CAN_WakeUpFromRxMsgCallback          0x08001e95   Thumb Code     8  stm32f4xx_hal_can.o(.text.HAL_CAN_WakeUpFromRxMsgCallback)
    HAL_DMA_Abort                            0x08001e9d   Thumb Code   236  stm32f4xx_hal_dma.o(.text.HAL_DMA_Abort)
    HAL_DMA_Abort_IT                         0x08001f89   Thumb Code    68  stm32f4xx_hal_dma.o(.text.HAL_DMA_Abort_IT)
    HAL_DMA_IRQHandler                       0x08001fcd   Thumb Code   798  stm32f4xx_hal_dma.o(.text.HAL_DMA_IRQHandler)
    HAL_DMA_Init                             0x080022ed   Thumb Code   366  stm32f4xx_hal_dma.o(.text.HAL_DMA_Init)
    HAL_GPIO_Init                            0x0800245d   Thumb Code   950  stm32f4xx_hal_gpio.o(.text.HAL_GPIO_Init)
    HAL_GPIO_ReadPin                         0x08002815   Thumb Code    46  stm32f4xx_hal_gpio.o(.text.HAL_GPIO_ReadPin)
    HAL_GPIO_TogglePin                       0x08002845   Thumb Code    38  stm32f4xx_hal_gpio.o(.text.HAL_GPIO_TogglePin)
    HAL_GPIO_WritePin                        0x0800286d   Thumb Code    46  stm32f4xx_hal_gpio.o(.text.HAL_GPIO_WritePin)
    HAL_GetTick                              0x0800289d   Thumb Code    12  stm32f4xx_hal.o(.text.HAL_GetTick)
    HAL_I2C_Init                             0x080028a9   Thumb Code   676  stm32f4xx_hal_i2c.o(.text.HAL_I2C_Init)
    HAL_I2C_MspInit                          0x08002b4d   Thumb Code   144  i2c.o(.text.HAL_I2C_MspInit)
    HAL_IncTick                              0x08002bdd   Thumb Code    26  stm32f4xx_hal.o(.text.HAL_IncTick)
    HAL_Init                                 0x08002bf9   Thumb Code    54  stm32f4xx_hal.o(.text.HAL_Init)
    HAL_InitTick                             0x08002c31   Thumb Code   112  stm32f4xx_hal.o(.text.HAL_InitTick)
    HAL_MspInit                              0x08002ca1   Thumb Code    74  stm32f4xx_hal_msp.o(.text.HAL_MspInit)
    HAL_NVIC_EnableIRQ                       0x08002ced   Thumb Code    20  stm32f4xx_hal_cortex.o(.text.HAL_NVIC_EnableIRQ)
    HAL_NVIC_SetPriority                     0x08002d01   Thumb Code    50  stm32f4xx_hal_cortex.o(.text.HAL_NVIC_SetPriority)
    HAL_NVIC_SetPriorityGrouping             0x08002d35   Thumb Code    16  stm32f4xx_hal_cortex.o(.text.HAL_NVIC_SetPriorityGrouping)
    HAL_RCC_ClockConfig                      0x08002d45   Thumb Code   610  stm32f4xx_hal_rcc.o(.text.HAL_RCC_ClockConfig)
    HAL_RCC_GetHCLKFreq                      0x08002fa9   Thumb Code    12  stm32f4xx_hal_rcc.o(.text.HAL_RCC_GetHCLKFreq)
    HAL_RCC_GetPCLK1Freq                     0x08002fb5   Thumb Code    34  stm32f4xx_hal_rcc.o(.text.HAL_RCC_GetPCLK1Freq)
    HAL_RCC_GetPCLK2Freq                     0x08002fd9   Thumb Code    34  stm32f4xx_hal_rcc.o(.text.HAL_RCC_GetPCLK2Freq)
    HAL_RCC_GetSysClockFreq                  0x08002ffd   Thumb Code   230  stm32f4xx_hal_rcc.o(.text.HAL_RCC_GetSysClockFreq)
    HAL_RCC_OscConfig                        0x080030e5   Thumb Code  1726  stm32f4xx_hal_rcc.o(.text.HAL_RCC_OscConfig)
    HAL_SPI_Init                             0x080037a5   Thumb Code   258  stm32f4xx_hal_spi.o(.text.HAL_SPI_Init)
    HAL_SPI_MspInit                          0x080038a9   Thumb Code   142  spi.o(.text.HAL_SPI_MspInit)
    HAL_SPI_TransmitReceive                  0x08003939   Thumb Code   930  stm32f4xx_hal_spi.o(.text.HAL_SPI_TransmitReceive)
    HAL_SYSTICK_Config                       0x08003cdd   Thumb Code    16  stm32f4xx_hal_cortex.o(.text.HAL_SYSTICK_Config)
    HAL_TIMEx_BreakCallback                  0x08003ced   Thumb Code     8  stm32f4xx_hal_tim_ex.o(.text.HAL_TIMEx_BreakCallback)
    HAL_TIMEx_CommutCallback                 0x08003cf5   Thumb Code     8  stm32f4xx_hal_tim_ex.o(.text.HAL_TIMEx_CommutCallback)
    HAL_TIMEx_ConfigBreakDeadTime            0x08003cfd   Thumb Code   178  stm32f4xx_hal_tim_ex.o(.text.HAL_TIMEx_ConfigBreakDeadTime)
    HAL_TIMEx_HallSensor_Init                0x08003db1   Thumb Code   280  stm32f4xx_hal_tim_ex.o(.text.HAL_TIMEx_HallSensor_Init)
    HAL_TIMEx_HallSensor_MspInit             0x08003ec9   Thumb Code   156  tim.o(.text.HAL_TIMEx_HallSensor_MspInit)
    HAL_TIMEx_MasterConfigSynchronization    0x08003f65   Thumb Code   290  stm32f4xx_hal_tim_ex.o(.text.HAL_TIMEx_MasterConfigSynchronization)
    HAL_TIM_Base_Init                        0x08004089   Thumb Code   156  stm32f4xx_hal_tim.o(.text.HAL_TIM_Base_Init)
    HAL_TIM_Base_MspInit                     0x08004125   Thumb Code   154  tim.o(.text.HAL_TIM_Base_MspInit)
    HAL_TIM_ConfigClockSource                0x080041c1   Thumb Code   388  stm32f4xx_hal_tim.o(.text.HAL_TIM_ConfigClockSource)
    HAL_TIM_IC_CaptureCallback               0x08004345   Thumb Code     8  stm32f4xx_hal_tim.o(.text.HAL_TIM_IC_CaptureCallback)
    HAL_TIM_IRQHandler                       0x0800434d   Thumb Code   538  stm32f4xx_hal_tim.o(.text.HAL_TIM_IRQHandler)
    HAL_TIM_MspPostInit                      0x08004569   Thumb Code   184  tim.o(.text.HAL_TIM_MspPostInit)
    HAL_TIM_OC_DelayElapsedCallback          0x08004621   Thumb Code     8  stm32f4xx_hal_tim.o(.text.HAL_TIM_OC_DelayElapsedCallback)
    HAL_TIM_PWM_ConfigChannel                0x08004629   Thumb Code   322  stm32f4xx_hal_tim.o(.text.HAL_TIM_PWM_ConfigChannel)
    HAL_TIM_PWM_Init                         0x0800476d   Thumb Code   156  stm32f4xx_hal_tim.o(.text.HAL_TIM_PWM_Init)
    HAL_TIM_PWM_MspInit                      0x08004809   Thumb Code     8  stm32f4xx_hal_tim.o(.text.HAL_TIM_PWM_MspInit)
    HAL_TIM_PWM_PulseFinishedCallback        0x08004811   Thumb Code     8  stm32f4xx_hal_tim.o(.text.HAL_TIM_PWM_PulseFinishedCallback)
    HAL_TIM_PeriodElapsedCallback            0x08004819   Thumb Code   176  main.o(.text.HAL_TIM_PeriodElapsedCallback)
    HAL_TIM_TriggerCallback                  0x080048c9   Thumb Code     8  stm32f4xx_hal_tim.o(.text.HAL_TIM_TriggerCallback)
    HAL_UARTEx_RxEventCallback               0x080048d1   Thumb Code    12  stm32f4xx_hal_uart.o(.text.HAL_UARTEx_RxEventCallback)
    HAL_UART_ErrorCallback                   0x080048dd   Thumb Code     8  stm32f4xx_hal_uart.o(.text.HAL_UART_ErrorCallback)
    HAL_UART_IRQHandler                      0x080048e5   Thumb Code  1116  stm32f4xx_hal_uart.o(.text.HAL_UART_IRQHandler)
    HAL_UART_Init                            0x08004d41   Thumb Code   158  stm32f4xx_hal_uart.o(.text.HAL_UART_Init)
    HAL_UART_MspInit                         0x08004de1   Thumb Code   166  usart.o(.text.HAL_UART_MspInit)
    HAL_UART_Receive_IT                      0x08004e89   Thumb Code    86  stm32f4xx_hal_uart.o(.text.HAL_UART_Receive_IT)
    HAL_UART_RxCpltCallback                  0x08004ee1   Thumb Code    62  rs422_comm.o(.text.HAL_UART_RxCpltCallback)
    HAL_UART_TxCpltCallback                  0x08004f21   Thumb Code     8  stm32f4xx_hal_uart.o(.text.HAL_UART_TxCpltCallback)
    HardFault_Handler                        0x08004f29   Thumb Code     4  stm32f4xx_it.o(.text.HardFault_Handler)
    Inverse_Park_Transform                   0x08004f2d   Thumb Code   112  foc.o(.text.Inverse_Park_Transform)
    KTM5910_ReadAngle                        0x08004f9d   Thumb Code   256  encoder.o(.text.KTM5910_ReadAngle)
    MX_ADC1_Init                             0x080050b1   Thumb Code   128  adc.o(.text.MX_ADC1_Init)
    MX_CAN1_Init                             0x08005131   Thumb Code    78  can.o(.text.MX_CAN1_Init)
    MX_DMA_Init                              0x08005181   Thumb Code    60  dma.o(.text.MX_DMA_Init)
    MX_GPIO_Init                             0x080051bd   Thumb Code   338  gpio.o(.text.MX_GPIO_Init)
    MX_I2C1_Init                             0x08005311   Thumb Code    72  i2c.o(.text.MX_I2C1_Init)
    MX_SPI1_Init                             0x08005359   Thumb Code    82  spi.o(.text.MX_SPI1_Init)
    MX_TIM1_Init                             0x080053ad   Thumb Code   336  tim.o(.text.MX_TIM1_Init)
    MX_TIM2_Init                             0x080054fd   Thumb Code   108  tim.o(.text.MX_TIM2_Init)
    MX_TIM6_Init                             0x08005569   Thumb Code    92  tim.o(.text.MX_TIM6_Init)
    MX_USART2_UART_Init                      0x080055c5   Thumb Code    64  usart.o(.text.MX_USART2_UART_Init)
    MemManage_Handler                        0x08005605   Thumb Code     4  stm32f4xx_it.o(.text.MemManage_Handler)
    NMI_Handler                              0x08005609   Thumb Code     4  stm32f4xx_it.o(.text.NMI_Handler)
    PID_Calculate                            0x08005679   Thumb Code   312  pid.o(.text.PID_Calculate)
    PID_SetTarget                            0x080057b1   Thumb Code    18  pid.o(.text.PID_SetTarget)
    Park_Transform                           0x080057c5   Thumb Code   112  foc.o(.text.Park_Transform)
    PendSV_Handler                           0x08005835   Thumb Code     2  stm32f4xx_it.o(.text.PendSV_Handler)
    RS422_Process_Byte                       0x08005839   Thumb Code   360  rs422_comm.o(.text.RS422_Process_Byte)
    SVC_Handler                              0x08005b99   Thumb Code     2  stm32f4xx_it.o(.text.SVC_Handler)
    SVPWM_Generate                           0x08005b9d   Thumb Code  1032  foc.o(.text.SVPWM_Generate)
    SysTick_Handler                          0x08005ffd   Thumb Code     8  stm32f4xx_it.o(.text.SysTick_Handler)
    SystemClock_Config                       0x08006005   Thumb Code   190  main.o(.text.SystemClock_Config)
    SystemInit                               0x080060c5   Thumb Code    18  system_stm32f4xx.o(.text.SystemInit)
    System_CheckFault                        0x080060d9   Thumb Code   296  main_control.o(.text.System_CheckFault)
    System_Heartbeat                         0x08006205   Thumb Code    18  main_control.o(.text.System_Heartbeat)
    System_Stop                              0x08006219   Thumb Code    28  main_control.o(.text.System_Stop)
    System_Update                            0x08006235   Thumb Code   276  main_control.o(.text.System_Update)
    TIM1_UP_TIM10_IRQHandler                 0x08006359   Thumb Code    16  stm32f4xx_it.o(.text.TIM1_UP_TIM10_IRQHandler)
    TIM2_IRQHandler                          0x08006369   Thumb Code    16  stm32f4xx_it.o(.text.TIM2_IRQHandler)
    TIM6_DAC_IRQHandler                      0x08006379   Thumb Code    16  stm32f4xx_it.o(.text.TIM6_DAC_IRQHandler)
    TIM_Base_SetConfig                       0x08006389   Thumb Code   420  stm32f4xx_hal_tim.o(.text.TIM_Base_SetConfig)
    TIM_ETR_SetConfig                        0x0800652d   Thumb Code    52  stm32f4xx_hal_tim.o(.text.TIM_ETR_SetConfig)
    TIM_OC2_SetConfig                        0x08006679   Thumb Code   244  stm32f4xx_hal_tim.o(.text.TIM_OC2_SetConfig)
    TIM_TI1_SetConfig                        0x08006955   Thumb Code   278  stm32f4xx_hal_tim.o(.text.TIM_TI1_SetConfig)
    UART_Start_Receive_IT                    0x08006e3d   Thumb Code    98  stm32f4xx_hal_uart.o(.text.UART_Start_Receive_IT)
    USART2_IRQHandler                        0x08006f35   Thumb Code    16  stm32f4xx_it.o(.text.USART2_IRQHandler)
    UsageFault_Handler                       0x08006f45   Thumb Code     4  stm32f4xx_it.o(.text.UsageFault_Handler)
    main                                     0x08007009   Thumb Code    60  main.o(.text.main)
    __ARM_fpclassifyf                        0x08007045   Thumb Code    38  fpclassifyf.o(i.__ARM_fpclassifyf)
    __hardfp_cosf                            0x0800706d   Thumb Code   280  cosf.o(i.__hardfp_cosf)
    __hardfp_sinf                            0x080071bd   Thumb Code   344  sinf.o(i.__hardfp_sinf)
    __mathlib_flt_infnan                     0x0800734d   Thumb Code     6  funder.o(i.__mathlib_flt_infnan)
    __mathlib_flt_invalid                    0x08007355   Thumb Code    10  funder.o(i.__mathlib_flt_invalid)
    __mathlib_flt_underflow                  0x08007365   Thumb Code    10  funder.o(i.__mathlib_flt_underflow)
    __mathlib_rredf2                         0x08007375   Thumb Code   316  rredf.o(i.__mathlib_rredf2)
    _fp_init                                 0x080074c9   Thumb Code    26  fpinit.o(x$fpl$fpinit)
    __fplib_config_fpu_vfp                   0x080074e1   Thumb Code     0  fpinit.o(x$fpl$fpinit)
    __fplib_config_pureend_doubles           0x080074e1   Thumb Code     0  fpinit.o(x$fpl$fpinit)
    __I$use$fp                               0x080074e2   Number         0  usenofp.o(x$fpl$usenofp)
    AHBPrescTable                            0x08007504   Data          16  system_stm32f4xx.o(.rodata.AHBPrescTable)
    APBPrescTable                            0x08007514   Data           8  system_stm32f4xx.o(.rodata.APBPrescTable)
    Region$$Table$$Base                      0x08007524   Number         0  anon$$obj.o(Region$$Table)
    Region$$Table$$Limit                     0x08007544   Number         0  anon$$obj.o(Region$$Table)
    SystemCoreClock                          0x20000000   Data           4  system_stm32f4xx.o(.data.SystemCoreClock)
    uwTickFreq                               0x20000004   Data           1  stm32f4xx_hal.o(.data.uwTickFreq)
    uwTickPrio                               0x20000008   Data           4  stm32f4xx_hal.o(.data.uwTickPrio)
    __libspace_start                         0x20000010   Data          96  libspace.o(.bss)
    __temporary_stack_top$libspace           0x20000070   Data           0  libspace.o(.bss)
    can_status                               0x20000084   Data          20  can_comm.o(.bss.can_status)
    hadc1                                    0x20000098   Data          72  adc.o(.bss.hadc1)
    hcan1                                    0x200000e0   Data          40  can.o(.bss.hcan1)
    hdma_adc1                                0x20000108   Data          96  adc.o(.bss.hdma_adc1)
    hi2c1                                    0x20000168   Data          84  i2c.o(.bss.hi2c1)
    hspi1                                    0x200001bc   Data          88  spi.o(.bss.hspi1)
    htim1                                    0x20000214   Data          72  tim.o(.bss.htim1)
    htim2                                    0x2000025c   Data          72  tim.o(.bss.htim2)
    htim6                                    0x200002a4   Data          72  tim.o(.bss.htim6)
    huart2                                   0x200002ec   Data          72  usart.o(.bss.huart2)
    motor                                    0x20000334   Data         240  main_control.o(.bss.motor)
    rs422_comm                               0x20000424   Data         144  rs422_comm.o(.bss.rs422_comm)
    sys_config                               0x200004b4   Data          20  main_control.o(.bss.sys_config)
    sys_monitor                              0x200004c8   Data          20  main_control.o(.bss.sys_monitor)
    sys_state                                0x200004dc   Data           1  main_control.o(.bss.sys_state)
    uwTick                                   0x200004e0   Data           4  stm32f4xx_hal.o(.bss.uwTick)



==============================================================================

Memory Map of the image

  Image Entry point : 0x08000189

  Load Region LR_IROM1 (Base: 0x08000000, Size: 0x00007558, Max: 0x00100000, ABSOLUTE)

    Execution Region ER_IROM1 (Exec base: 0x08000000, Load base: 0x08000000, Size: 0x00007544, Max: 0x00100000, ABSOLUTE)

    Exec Addr    Load Addr    Size         Type   Attr      Idx    E Section Name        Object

    0x08000000   0x08000000   0x00000188   Data   RO            3    RESET               startup_stm32f407xx.o
    0x08000188   0x08000188   0x00000008   Code   RO         1898  * !!!main             c_w.l(__main.o)
    0x08000190   0x08000190   0x0000005c   Code   RO         2156    !!!scatter          c_w.l(__scatter.o)
    0x080001ec   0x080001ec   0x0000001a   Code   RO         2160    !!handler_copy      c_w.l(__scatter_copy.o)
    0x08000206   0x08000206   0x00000002   PAD
    0x08000208   0x08000208   0x00000002   Code   RO         2157    !!handler_null      c_w.l(__scatter.o)
    0x0800020a   0x0800020a   0x00000002   PAD
    0x0800020c   0x0800020c   0x0000001c   Code   RO         2162    !!handler_zi        c_w.l(__scatter_zi.o)
    0x08000228   0x08000228   0x00000002   Code   RO         2091    .ARM.Collect$$libinit$$00000000  c_w.l(libinit.o)
    0x0800022a   0x0800022a   0x00000004   Code   RO         1948    .ARM.Collect$$libinit$$00000001  c_w.l(libinit2.o)
    0x0800022e   0x0800022e   0x00000000   Code   RO         1951    .ARM.Collect$$libinit$$00000004  c_w.l(libinit2.o)
    0x0800022e   0x0800022e   0x00000000   Code   RO         1953    .ARM.Collect$$libinit$$00000006  c_w.l(libinit2.o)
    0x0800022e   0x0800022e   0x00000000   Code   RO         1956    .ARM.Collect$$libinit$$0000000C  c_w.l(libinit2.o)
    0x0800022e   0x0800022e   0x00000000   Code   RO         1958    .ARM.Collect$$libinit$$0000000E  c_w.l(libinit2.o)
    0x0800022e   0x0800022e   0x00000000   Code   RO         1960    .ARM.Collect$$libinit$$00000010  c_w.l(libinit2.o)
    0x0800022e   0x0800022e   0x00000000   Code   RO         1963    .ARM.Collect$$libinit$$00000013  c_w.l(libinit2.o)
    0x0800022e   0x0800022e   0x00000000   Code   RO         1965    .ARM.Collect$$libinit$$00000015  c_w.l(libinit2.o)
    0x0800022e   0x0800022e   0x00000000   Code   RO         1967    .ARM.Collect$$libinit$$00000017  c_w.l(libinit2.o)
    0x0800022e   0x0800022e   0x00000000   Code   RO         1969    .ARM.Collect$$libinit$$00000019  c_w.l(libinit2.o)
    0x0800022e   0x0800022e   0x00000000   Code   RO         1971    .ARM.Collect$$libinit$$0000001B  c_w.l(libinit2.o)
    0x0800022e   0x0800022e   0x00000000   Code   RO         1973    .ARM.Collect$$libinit$$0000001D  c_w.l(libinit2.o)
    0x0800022e   0x0800022e   0x00000000   Code   RO         1975    .ARM.Collect$$libinit$$0000001F  c_w.l(libinit2.o)
    0x0800022e   0x0800022e   0x00000000   Code   RO         1977    .ARM.Collect$$libinit$$00000021  c_w.l(libinit2.o)
    0x0800022e   0x0800022e   0x00000000   Code   RO         1979    .ARM.Collect$$libinit$$00000023  c_w.l(libinit2.o)
    0x0800022e   0x0800022e   0x00000000   Code   RO         1981    .ARM.Collect$$libinit$$00000025  c_w.l(libinit2.o)
    0x0800022e   0x0800022e   0x00000000   Code   RO         1983    .ARM.Collect$$libinit$$00000027  c_w.l(libinit2.o)
    0x0800022e   0x0800022e   0x00000000   Code   RO         1987    .ARM.Collect$$libinit$$0000002E  c_w.l(libinit2.o)
    0x0800022e   0x0800022e   0x00000000   Code   RO         1989    .ARM.Collect$$libinit$$00000030  c_w.l(libinit2.o)
    0x0800022e   0x0800022e   0x00000000   Code   RO         1991    .ARM.Collect$$libinit$$00000032  c_w.l(libinit2.o)
    0x0800022e   0x0800022e   0x00000000   Code   RO         1993    .ARM.Collect$$libinit$$00000034  c_w.l(libinit2.o)
    0x0800022e   0x0800022e   0x00000002   Code   RO         1994    .ARM.Collect$$libinit$$00000035  c_w.l(libinit2.o)
    0x08000230   0x08000230   0x00000002   Code   RO         2153    .ARM.Collect$$libshutdown$$00000000  c_w.l(libshutdown.o)
    0x08000232   0x08000232   0x00000000   Code   RO         2109    .ARM.Collect$$libshutdown$$00000002  c_w.l(libshutdown2.o)
    0x08000232   0x08000232   0x00000000   Code   RO         2111    .ARM.Collect$$libshutdown$$00000004  c_w.l(libshutdown2.o)
    0x08000232   0x08000232   0x00000000   Code   RO         2114    .ARM.Collect$$libshutdown$$00000007  c_w.l(libshutdown2.o)
    0x08000232   0x08000232   0x00000000   Code   RO         2117    .ARM.Collect$$libshutdown$$0000000A  c_w.l(libshutdown2.o)
    0x08000232   0x08000232   0x00000000   Code   RO         2119    .ARM.Collect$$libshutdown$$0000000C  c_w.l(libshutdown2.o)
    0x08000232   0x08000232   0x00000000   Code   RO         2122    .ARM.Collect$$libshutdown$$0000000F  c_w.l(libshutdown2.o)
    0x08000232   0x08000232   0x00000002   Code   RO         2123    .ARM.Collect$$libshutdown$$00000010  c_w.l(libshutdown2.o)
    0x08000234   0x08000234   0x00000000   Code   RO         1914    .ARM.Collect$$rtentry$$00000000  c_w.l(__rtentry.o)
    0x08000234   0x08000234   0x00000000   Code   RO         2023    .ARM.Collect$$rtentry$$00000002  c_w.l(__rtentry2.o)
    0x08000234   0x08000234   0x00000006   Code   RO         2035    .ARM.Collect$$rtentry$$00000004  c_w.l(__rtentry4.o)
    0x0800023a   0x0800023a   0x00000000   Code   RO         2025    .ARM.Collect$$rtentry$$00000009  c_w.l(__rtentry2.o)
    0x0800023a   0x0800023a   0x00000004   Code   RO         2026    .ARM.Collect$$rtentry$$0000000A  c_w.l(__rtentry2.o)
    0x0800023e   0x0800023e   0x00000000   Code   RO         2028    .ARM.Collect$$rtentry$$0000000C  c_w.l(__rtentry2.o)
    0x0800023e   0x0800023e   0x00000008   Code   RO         2029    .ARM.Collect$$rtentry$$0000000D  c_w.l(__rtentry2.o)
    0x08000246   0x08000246   0x00000002   Code   RO         2096    .ARM.Collect$$rtexit$$00000000  c_w.l(rtexit.o)
    0x08000248   0x08000248   0x00000000   Code   RO         2129    .ARM.Collect$$rtexit$$00000002  c_w.l(rtexit2.o)
    0x08000248   0x08000248   0x00000004   Code   RO         2130    .ARM.Collect$$rtexit$$00000003  c_w.l(rtexit2.o)
    0x0800024c   0x0800024c   0x00000006   Code   RO         2131    .ARM.Collect$$rtexit$$00000004  c_w.l(rtexit2.o)
    0x08000252   0x08000252   0x00000002   PAD
    0x08000254   0x08000254   0x00000040   Code   RO            4    .text               startup_stm32f407xx.o
    0x08000294   0x08000294   0x000000f0   Code   RO         1890    .text               c_w.l(lludivv7m.o)
    0x08000384   0x08000384   0x0000004e   Code   RO         1894    .text               c_w.l(rt_memclr_w.o)
    0x080003d2   0x080003d2   0x00000006   Code   RO         1896    .text               c_w.l(heapauxi.o)
    0x080003d8   0x080003d8   0x00000016   Code   RO         1942    .text               c_w.l(_rserrno.o)
    0x080003ee   0x080003ee   0x00000002   PAD
    0x080003f0   0x080003f0   0x00000008   Code   RO         2019    .text               c_w.l(libspace.o)
    0x080003f8   0x080003f8   0x00000008   Code   RO         2042    .text               c_w.l(rt_errno_addr_intlibspace.o)
    0x08000400   0x08000400   0x00000002   Code   RO         2063    .text               c_w.l(use_no_semi.o)
    0x08000402   0x08000402   0x00000000   Code   RO         2065    .text               c_w.l(indicate_semi.o)
    0x08000402   0x08000402   0x0000004a   Code   RO         2066    .text               c_w.l(sys_stackheap_outer.o)
    0x0800044c   0x0800044c   0x00000012   Code   RO         2072    .text               c_w.l(exit.o)
    0x0800045e   0x0800045e   0x00000002   PAD
    0x08000460   0x08000460   0x0000000c   Code   RO         2092    .text               c_w.l(sys_exit.o)
    0x0800046c   0x0800046c   0x00000010   Code   RO          159    .text.ADC_IRQHandler  stm32f4xx_it.o
    0x0800047c   0x0800047c   0x0000018a   Code   RO          192    .text.ADC_Init      stm32f4xx_hal_adc.o
    0x08000606   0x08000606   0x00000002   PAD
    0x08000608   0x08000608   0x000000f8   Code   RO         1583    .text.BLDC_FOC_Control  bldc.o
    0x08000700   0x08000700   0x00000056   Code   RO         1587    .text.BLDC_ReadHallSensors  bldc.o
    0x08000756   0x08000756   0x00000002   PAD
    0x08000758   0x08000758   0x00000022   Code   RO         1577    .text.BLDC_SetCurrent  bldc.o
    0x0800077a   0x0800077a   0x00000002   PAD
    0x0800077c   0x0800077c   0x0000006c   Code   RO         1575    .text.BLDC_SetSpeed  bldc.o
    0x080007e8   0x080007e8   0x000000e2   Code   RO         1581    .text.BLDC_SixStep_Commutation  bldc.o
    0x080008ca   0x080008ca   0x00000002   PAD
    0x080008cc   0x080008cc   0x00000028   Code   RO         1573    .text.BLDC_Stop     bldc.o
    0x080008f4   0x080008f4   0x0000004e   Code   RO         1585    .text.BLDC_Update   bldc.o
    0x08000942   0x08000942   0x00000002   PAD
    0x08000944   0x08000944   0x00000004   Code   RO          147    .text.BusFault_Handler  stm32f4xx_it.o
    0x08000948   0x08000948   0x00000010   Code   RO          161    .text.CAN1_RX0_IRQHandler  stm32f4xx_it.o
    0x08000958   0x08000958   0x000000e4   Code   RO         1610    .text.CAN_Process_Command  can_comm.o
    0x08000a3c   0x08000a3c   0x0000007e   Code   RO         1608    .text.CAN_Receive_Callback  can_comm.o
    0x08000aba   0x08000aba   0x00000002   PAD
    0x08000abc   0x08000abc   0x0000001a   Code   RO         1614    .text.CAN_Send_Heartbeat  can_comm.o
    0x08000ad6   0x08000ad6   0x00000002   PAD
    0x08000ad8   0x08000ad8   0x0000005c   Code   RO         1606    .text.CAN_Send_Message  can_comm.o
    0x08000b34   0x08000b34   0x00000024   Code   RO         1612    .text.CAN_Send_Status  can_comm.o
    0x08000b58   0x08000b58   0x0000003c   Code   RO         1677    .text.Clark_Transform  foc.o
    0x08000b94   0x08000b94   0x00000010   Code   RO          171    .text.DMA2_Stream0_IRQHandler  stm32f4xx_it.o
    0x08000ba4   0x08000ba4   0x00000056   Code   RO          462    .text.DMA_CalcBaseAndBitshift  stm32f4xx_hal_dma.o
    0x08000bfa   0x08000bfa   0x00000002   PAD
    0x08000bfc   0x08000bfc   0x000000f0   Code   RO          460    .text.DMA_CheckFifoParam  stm32f4xx_hal_dma.o
    0x08000cec   0x08000cec   0x00000002   Code   RO          153    .text.DebugMon_Handler  stm32f4xx_it.o
    0x08000cee   0x08000cee   0x00000002   PAD
    0x08000cf0   0x08000cf0   0x000000b0   Code   RO         1656    .text.Encoder_GetSpeed  encoder.o
    0x08000da0   0x08000da0   0x00000024   Code   RO         1658    .text.Encoder_Update  encoder.o
    0x08000dc4   0x08000dc4   0x00000006   Code   RO           17    .text.Error_Handler  main.o
    0x08000dca   0x08000dca   0x00000002   PAD
    0x08000dcc   0x08000dcc   0x0000006a   Code   RO         1685    .text.FOC_Update    foc.o
    0x08000e36   0x08000e36   0x00000002   PAD
    0x08000e38   0x08000e38   0x00000008   Code   RO          271    .text.HAL_ADCEx_InjectedConvCpltCallback  stm32f4xx_hal_adc_ex.o
    0x08000e40   0x08000e40   0x00000218   Code   RO          232    .text.HAL_ADC_ConfigChannel  stm32f4xx_hal_adc.o
    0x08001058   0x08001058   0x00000008   Code   RO         1640    .text.HAL_ADC_ConvCpltCallback  current_sense.o
    0x08001060   0x08001060   0x00000008   Code   RO          216    .text.HAL_ADC_ErrorCallback  stm32f4xx_hal_adc.o
    0x08001068   0x08001068   0x0000021c   Code   RO          210    .text.HAL_ADC_IRQHandler  stm32f4xx_hal_adc.o
    0x08001284   0x08001284   0x000000a8   Code   RO          188    .text.HAL_ADC_Init  stm32f4xx_hal_adc.o
    0x0800132c   0x0800132c   0x00000008   Code   RO          214    .text.HAL_ADC_LevelOutOfWindowCallback  stm32f4xx_hal_adc.o
    0x08001334   0x08001334   0x000000f6   Code   RO           38    .text.HAL_ADC_MspInit  adc.o
    0x0800142a   0x0800142a   0x00000002   PAD
    0x0800142c   0x0800142c   0x00000156   Code   RO          742    .text.HAL_CAN_AddTxMessage  stm32f4xx_hal_can.o
    0x08001582   0x08001582   0x00000002   PAD
    0x08001584   0x08001584   0x00000008   Code   RO          786    .text.HAL_CAN_ErrorCallback  stm32f4xx_hal_can.o
    0x0800158c   0x0800158c   0x00000212   Code   RO          752    .text.HAL_CAN_GetRxMessage  stm32f4xx_hal_can.o
    0x0800179e   0x0800179e   0x00000002   PAD
    0x080017a0   0x080017a0   0x000003f2   Code   RO          760    .text.HAL_CAN_IRQHandler  stm32f4xx_hal_can.o
    0x08001b92   0x08001b92   0x00000002   PAD
    0x08001b94   0x08001b94   0x000001de   Code   RO          722    .text.HAL_CAN_Init  stm32f4xx_hal_can.o
    0x08001d72   0x08001d72   0x00000002   PAD
    0x08001d74   0x08001d74   0x000000a8   Code   RO           53    .text.HAL_CAN_MspInit  can.o
    0x08001e1c   0x08001e1c   0x00000008   Code   RO          774    .text.HAL_CAN_RxFifo0FullCallback  stm32f4xx_hal_can.o
    0x08001e24   0x08001e24   0x00000026   Code   RO         1618    .text.HAL_CAN_RxFifo0MsgPendingCallback  can_comm.o
    0x08001e4a   0x08001e4a   0x00000002   PAD
    0x08001e4c   0x08001e4c   0x00000008   Code   RO          778    .text.HAL_CAN_RxFifo1FullCallback  stm32f4xx_hal_can.o
    0x08001e54   0x08001e54   0x00000008   Code   RO          780    .text.HAL_CAN_RxFifo1MsgPendingCallback  stm32f4xx_hal_can.o
    0x08001e5c   0x08001e5c   0x00000008   Code   RO          782    .text.HAL_CAN_SleepCallback  stm32f4xx_hal_can.o
    0x08001e64   0x08001e64   0x00000008   Code   RO          764    .text.HAL_CAN_TxMailbox0AbortCallback  stm32f4xx_hal_can.o
    0x08001e6c   0x08001e6c   0x00000008   Code   RO          762    .text.HAL_CAN_TxMailbox0CompleteCallback  stm32f4xx_hal_can.o
    0x08001e74   0x08001e74   0x00000008   Code   RO          768    .text.HAL_CAN_TxMailbox1AbortCallback  stm32f4xx_hal_can.o
    0x08001e7c   0x08001e7c   0x00000008   Code   RO          766    .text.HAL_CAN_TxMailbox1CompleteCallback  stm32f4xx_hal_can.o
    0x08001e84   0x08001e84   0x00000008   Code   RO          772    .text.HAL_CAN_TxMailbox2AbortCallback  stm32f4xx_hal_can.o
    0x08001e8c   0x08001e8c   0x00000008   Code   RO          770    .text.HAL_CAN_TxMailbox2CompleteCallback  stm32f4xx_hal_can.o
    0x08001e94   0x08001e94   0x00000008   Code   RO          784    .text.HAL_CAN_WakeUpFromRxMsgCallback  stm32f4xx_hal_can.o
    0x08001e9c   0x08001e9c   0x000000ec   Code   RO          472    .text.HAL_DMA_Abort  stm32f4xx_hal_dma.o
    0x08001f88   0x08001f88   0x00000044   Code   RO          474    .text.HAL_DMA_Abort_IT  stm32f4xx_hal_dma.o
    0x08001fcc   0x08001fcc   0x0000031e   Code   RO          478    .text.HAL_DMA_IRQHandler  stm32f4xx_hal_dma.o
    0x080022ea   0x080022ea   0x00000002   PAD
    0x080022ec   0x080022ec   0x0000016e   Code   RO          458    .text.HAL_DMA_Init  stm32f4xx_hal_dma.o
    0x0800245a   0x0800245a   0x00000002   PAD
    0x0800245c   0x0800245c   0x000003b6   Code   RO          420    .text.HAL_GPIO_Init  stm32f4xx_hal_gpio.o
    0x08002812   0x08002812   0x00000002   PAD
    0x08002814   0x08002814   0x0000002e   Code   RO          424    .text.HAL_GPIO_ReadPin  stm32f4xx_hal_gpio.o
    0x08002842   0x08002842   0x00000002   PAD
    0x08002844   0x08002844   0x00000026   Code   RO          428    .text.HAL_GPIO_TogglePin  stm32f4xx_hal_gpio.o
    0x0800286a   0x0800286a   0x00000002   PAD
    0x0800286c   0x0800286c   0x0000002e   Code   RO          426    .text.HAL_GPIO_WritePin  stm32f4xx_hal_gpio.o
    0x0800289a   0x0800289a   0x00000002   PAD
    0x0800289c   0x0800289c   0x0000000c   Code   RO          645    .text.HAL_GetTick   stm32f4xx_hal.o
    0x080028a8   0x080028a8   0x000002a4   Code   RO          801    .text.HAL_I2C_Init  stm32f4xx_hal_i2c.o
    0x08002b4c   0x08002b4c   0x00000090   Code   RO           75    .text.HAL_I2C_MspInit  i2c.o
    0x08002bdc   0x08002bdc   0x0000001a   Code   RO          643    .text.HAL_IncTick   stm32f4xx_hal.o
    0x08002bf6   0x08002bf6   0x00000002   PAD
    0x08002bf8   0x08002bf8   0x00000036   Code   RO          633    .text.HAL_Init      stm32f4xx_hal.o
    0x08002c2e   0x08002c2e   0x00000002   PAD
    0x08002c30   0x08002c30   0x00000070   Code   RO          635    .text.HAL_InitTick  stm32f4xx_hal.o
    0x08002ca0   0x08002ca0   0x0000004a   Code   RO          180    .text.HAL_MspInit   stm32f4xx_hal_msp.o
    0x08002cea   0x08002cea   0x00000002   PAD
    0x08002cec   0x08002cec   0x00000014   Code   RO          568    .text.HAL_NVIC_EnableIRQ  stm32f4xx_hal_cortex.o
    0x08002d00   0x08002d00   0x00000032   Code   RO          560    .text.HAL_NVIC_SetPriority  stm32f4xx_hal_cortex.o
    0x08002d32   0x08002d32   0x00000002   PAD
    0x08002d34   0x08002d34   0x00000010   Code   RO          556    .text.HAL_NVIC_SetPriorityGrouping  stm32f4xx_hal_cortex.o
    0x08002d44   0x08002d44   0x00000262   Code   RO          288    .text.HAL_RCC_ClockConfig  stm32f4xx_hal_rcc.o
    0x08002fa6   0x08002fa6   0x00000002   PAD
    0x08002fa8   0x08002fa8   0x0000000c   Code   RO          298    .text.HAL_RCC_GetHCLKFreq  stm32f4xx_hal_rcc.o
    0x08002fb4   0x08002fb4   0x00000022   Code   RO          300    .text.HAL_RCC_GetPCLK1Freq  stm32f4xx_hal_rcc.o
    0x08002fd6   0x08002fd6   0x00000002   PAD
    0x08002fd8   0x08002fd8   0x00000022   Code   RO          302    .text.HAL_RCC_GetPCLK2Freq  stm32f4xx_hal_rcc.o
    0x08002ffa   0x08002ffa   0x00000002   PAD
    0x08002ffc   0x08002ffc   0x000000e6   Code   RO          290    .text.HAL_RCC_GetSysClockFreq  stm32f4xx_hal_rcc.o
    0x080030e2   0x080030e2   0x00000002   PAD
    0x080030e4   0x080030e4   0x000006be   Code   RO          286    .text.HAL_RCC_OscConfig  stm32f4xx_hal_rcc.o
    0x080037a2   0x080037a2   0x00000002   PAD
    0x080037a4   0x080037a4   0x00000102   Code   RO          973    .text.HAL_SPI_Init  stm32f4xx_hal_spi.o
    0x080038a6   0x080038a6   0x00000002   PAD
    0x080038a8   0x080038a8   0x0000008e   Code   RO           89    .text.HAL_SPI_MspInit  spi.o
    0x08003936   0x08003936   0x00000002   PAD
    0x08003938   0x08003938   0x000003a2   Code   RO          987    .text.HAL_SPI_TransmitReceive  stm32f4xx_hal_spi.o
    0x08003cda   0x08003cda   0x00000002   PAD
    0x08003cdc   0x08003cdc   0x00000010   Code   RO          580    .text.HAL_SYSTICK_Config  stm32f4xx_hal_cortex.o
    0x08003cec   0x08003cec   0x00000008   Code   RO         1413    .text.HAL_TIMEx_BreakCallback  stm32f4xx_hal_tim_ex.o
    0x08003cf4   0x08003cf4   0x00000008   Code   RO         1409    .text.HAL_TIMEx_CommutCallback  stm32f4xx_hal_tim_ex.o
    0x08003cfc   0x08003cfc   0x000000b2   Code   RO         1405    .text.HAL_TIMEx_ConfigBreakDeadTime  stm32f4xx_hal_tim_ex.o
    0x08003dae   0x08003dae   0x00000002   PAD
    0x08003db0   0x08003db0   0x00000118   Code   RO         1335    .text.HAL_TIMEx_HallSensor_Init  stm32f4xx_hal_tim_ex.o
    0x08003ec8   0x08003ec8   0x0000009c   Code   RO          111    .text.HAL_TIMEx_HallSensor_MspInit  tim.o
    0x08003f64   0x08003f64   0x00000122   Code   RO         1403    .text.HAL_TIMEx_MasterConfigSynchronization  stm32f4xx_hal_tim_ex.o
    0x08004086   0x08004086   0x00000002   PAD
    0x08004088   0x08004088   0x0000009c   Code   RO         1090    .text.HAL_TIM_Base_Init  stm32f4xx_hal_tim.o
    0x08004124   0x08004124   0x0000009a   Code   RO          109    .text.HAL_TIM_Base_MspInit  tim.o
    0x080041be   0x080041be   0x00000002   PAD
    0x080041c0   0x080041c0   0x00000184   Code   RO         1282    .text.HAL_TIM_ConfigClockSource  stm32f4xx_hal_tim.o
    0x08004344   0x08004344   0x00000008   Code   RO         1226    .text.HAL_TIM_IC_CaptureCallback  stm32f4xx_hal_tim.o
    0x0800434c   0x0800434c   0x0000021a   Code   RO         1224    .text.HAL_TIM_IRQHandler  stm32f4xx_hal_tim.o
    0x08004566   0x08004566   0x00000002   PAD
    0x08004568   0x08004568   0x000000b8   Code   RO          103    .text.HAL_TIM_MspPostInit  tim.o
    0x08004620   0x08004620   0x00000008   Code   RO         1228    .text.HAL_TIM_OC_DelayElapsedCallback  stm32f4xx_hal_tim.o
    0x08004628   0x08004628   0x00000142   Code   RO         1256    .text.HAL_TIM_PWM_ConfigChannel  stm32f4xx_hal_tim.o
    0x0800476a   0x0800476a   0x00000002   PAD
    0x0800476c   0x0800476c   0x0000009c   Code   RO         1144    .text.HAL_TIM_PWM_Init  stm32f4xx_hal_tim.o
    0x08004808   0x08004808   0x00000008   Code   RO         1146    .text.HAL_TIM_PWM_MspInit  stm32f4xx_hal_tim.o
    0x08004810   0x08004810   0x00000008   Code   RO         1230    .text.HAL_TIM_PWM_PulseFinishedCallback  stm32f4xx_hal_tim.o
    0x08004818   0x08004818   0x000000b0   Code   RO           11    .text.HAL_TIM_PeriodElapsedCallback  main.o
    0x080048c8   0x080048c8   0x00000008   Code   RO         1234    .text.HAL_TIM_TriggerCallback  stm32f4xx_hal_tim.o
    0x080048d0   0x080048d0   0x0000000c   Code   RO         1518    .text.HAL_UARTEx_RxEventCallback  stm32f4xx_hal_uart.o
    0x080048dc   0x080048dc   0x00000008   Code   RO         1516    .text.HAL_UART_ErrorCallback  stm32f4xx_hal_uart.o
    0x080048e4   0x080048e4   0x0000045c   Code   RO         1510    .text.HAL_UART_IRQHandler  stm32f4xx_hal_uart.o
    0x08004d40   0x08004d40   0x0000009e   Code   RO         1426    .text.HAL_UART_Init  stm32f4xx_hal_uart.o
    0x08004dde   0x08004dde   0x00000002   PAD
    0x08004de0   0x08004de0   0x000000a6   Code   RO          129    .text.HAL_UART_MspInit  usart.o
    0x08004e86   0x08004e86   0x00000002   PAD
    0x08004e88   0x08004e88   0x00000056   Code   RO         1450    .text.HAL_UART_Receive_IT  stm32f4xx_hal_uart.o
    0x08004ede   0x08004ede   0x00000002   PAD
    0x08004ee0   0x08004ee0   0x0000003e   Code   RO         1815    .text.HAL_UART_RxCpltCallback  rs422_comm.o
    0x08004f1e   0x08004f1e   0x00000002   PAD
    0x08004f20   0x08004f20   0x00000008   Code   RO         1524    .text.HAL_UART_TxCpltCallback  stm32f4xx_hal_uart.o
    0x08004f28   0x08004f28   0x00000004   Code   RO          143    .text.HardFault_Handler  stm32f4xx_it.o
    0x08004f2c   0x08004f2c   0x00000070   Code   RO         1681    .text.Inverse_Park_Transform  foc.o
    0x08004f9c   0x08004f9c   0x00000114   Code   RO         1652    .text.KTM5910_ReadAngle  encoder.o
    0x080050b0   0x080050b0   0x00000080   Code   RO           36    .text.MX_ADC1_Init  adc.o
    0x08005130   0x08005130   0x0000004e   Code   RO           51    .text.MX_CAN1_Init  can.o
    0x0800517e   0x0800517e   0x00000002   PAD
    0x08005180   0x08005180   0x0000003c   Code   RO           65    .text.MX_DMA_Init   dma.o
    0x080051bc   0x080051bc   0x00000152   Code   RO           28    .text.MX_GPIO_Init  gpio.o
    0x0800530e   0x0800530e   0x00000002   PAD
    0x08005310   0x08005310   0x00000048   Code   RO           73    .text.MX_I2C1_Init  i2c.o
    0x08005358   0x08005358   0x00000052   Code   RO           87    .text.MX_SPI1_Init  spi.o
    0x080053aa   0x080053aa   0x00000002   PAD
    0x080053ac   0x080053ac   0x00000150   Code   RO          101    .text.MX_TIM1_Init  tim.o
    0x080054fc   0x080054fc   0x0000006c   Code   RO          105    .text.MX_TIM2_Init  tim.o
    0x08005568   0x08005568   0x0000005c   Code   RO          107    .text.MX_TIM6_Init  tim.o
    0x080055c4   0x080055c4   0x00000040   Code   RO          127    .text.MX_USART2_UART_Init  usart.o
    0x08005604   0x08005604   0x00000004   Code   RO          145    .text.MemManage_Handler  stm32f4xx_it.o
    0x08005608   0x08005608   0x00000004   Code   RO          141    .text.NMI_Handler   stm32f4xx_it.o
    0x0800560c   0x0800560c   0x0000006c   Code   RO          566    .text.NVIC_EncodePriority  stm32f4xx_hal_cortex.o
    0x08005678   0x08005678   0x00000138   Code   RO         1784    .text.PID_Calculate  pid.o
    0x080057b0   0x080057b0   0x00000012   Code   RO         1782    .text.PID_SetTarget  pid.o
    0x080057c2   0x080057c2   0x00000002   PAD
    0x080057c4   0x080057c4   0x00000070   Code   RO         1679    .text.Park_Transform  foc.o
    0x08005834   0x08005834   0x00000002   Code   RO          155    .text.PendSV_Handler  stm32f4xx_it.o
    0x08005836   0x08005836   0x00000002   PAD
    0x08005838   0x08005838   0x00000168   Code   RO         1807    .text.RS422_Process_Byte  rs422_comm.o
    0x080059a0   0x080059a0   0x000000cc   Code   RO          983    .text.SPI_EndRxTxTransaction  stm32f4xx_hal_spi.o
    0x08005a6c   0x08005a6c   0x0000012c   Code   RO         1081    .text.SPI_WaitFlagStateUntilTimeout  stm32f4xx_hal_spi.o
    0x08005b98   0x08005b98   0x00000002   Code   RO          151    .text.SVC_Handler   stm32f4xx_it.o
    0x08005b9a   0x08005b9a   0x00000002   PAD
    0x08005b9c   0x08005b9c   0x0000040c   Code   RO         1683    .text.SVPWM_Generate  foc.o
    0x08005fa8   0x08005fa8   0x00000052   Code   RO          582    .text.SysTick_Config  stm32f4xx_hal_cortex.o
    0x08005ffa   0x08005ffa   0x00000002   PAD
    0x08005ffc   0x08005ffc   0x00000008   Code   RO          157    .text.SysTick_Handler  stm32f4xx_it.o
    0x08006004   0x08006004   0x000000be   Code   RO           15    .text.SystemClock_Config  main.o
    0x080060c2   0x080060c2   0x00000002   PAD
    0x080060c4   0x080060c4   0x00000012   Code   RO         1557    .text.SystemInit    system_stm32f4xx.o
    0x080060d6   0x080060d6   0x00000002   PAD
    0x080060d8   0x080060d8   0x0000012c   Code   RO         1751    .text.System_CheckFault  main_control.o
    0x08006204   0x08006204   0x00000012   Code   RO         1759    .text.System_Heartbeat  main_control.o
    0x08006216   0x08006216   0x00000002   PAD
    0x08006218   0x08006218   0x0000001c   Code   RO         1747    .text.System_Stop   main_control.o
    0x08006234   0x08006234   0x00000124   Code   RO         1749    .text.System_Update  main_control.o
    0x08006358   0x08006358   0x00000010   Code   RO          163    .text.TIM1_UP_TIM10_IRQHandler  stm32f4xx_it.o
    0x08006368   0x08006368   0x00000010   Code   RO          165    .text.TIM2_IRQHandler  stm32f4xx_it.o
    0x08006378   0x08006378   0x00000010   Code   RO          169    .text.TIM6_DAC_IRQHandler  stm32f4xx_it.o
    0x08006388   0x08006388   0x000001a4   Code   RO         1094    .text.TIM_Base_SetConfig  stm32f4xx_hal_tim.o
    0x0800652c   0x0800652c   0x00000034   Code   RO         1280    .text.TIM_ETR_SetConfig  stm32f4xx_hal_tim.o
    0x08006560   0x08006560   0x0000002a   Code   RO         1286    .text.TIM_ITRx_SetConfig  stm32f4xx_hal_tim.o
    0x0800658a   0x0800658a   0x00000002   PAD
    0x0800658c   0x0800658c   0x000000ea   Code   RO         1238    .text.TIM_OC1_SetConfig  stm32f4xx_hal_tim.o
    0x08006676   0x08006676   0x00000002   PAD
    0x08006678   0x08006678   0x000000f4   Code   RO         1240    .text.TIM_OC2_SetConfig  stm32f4xx_hal_tim.o
    0x0800676c   0x0800676c   0x000000f2   Code   RO         1242    .text.TIM_OC3_SetConfig  stm32f4xx_hal_tim.o
    0x0800685e   0x0800685e   0x00000002   PAD
    0x08006860   0x08006860   0x000000a4   Code   RO         1244    .text.TIM_OC4_SetConfig  stm32f4xx_hal_tim.o
    0x08006904   0x08006904   0x00000050   Code   RO         1284    .text.TIM_TI1_ConfigInputStage  stm32f4xx_hal_tim.o
    0x08006954   0x08006954   0x00000116   Code   RO         1248    .text.TIM_TI1_SetConfig  stm32f4xx_hal_tim.o
    0x08006a6a   0x08006a6a   0x00000002   PAD
    0x08006a6c   0x08006a6c   0x00000052   Code   RO         1288    .text.TIM_TI2_ConfigInputStage  stm32f4xx_hal_tim.o
    0x08006abe   0x08006abe   0x00000002   PAD
    0x08006ac0   0x08006ac0   0x0000001c   Code   RO         1514    .text.UART_DMAAbortOnError  stm32f4xx_hal_uart.o
    0x08006adc   0x08006adc   0x00000094   Code   RO         1474    .text.UART_EndRxTransfer  stm32f4xx_hal_uart.o
    0x08006b70   0x08006b70   0x00000026   Code   RO         1522    .text.UART_EndTransmit_IT  stm32f4xx_hal_uart.o
    0x08006b96   0x08006b96   0x00000002   PAD
    0x08006b98   0x08006b98   0x00000168   Code   RO         1512    .text.UART_Receive_IT  stm32f4xx_hal_uart.o
    0x08006d00   0x08006d00   0x0000013a   Code   RO         1430    .text.UART_SetConfig  stm32f4xx_hal_uart.o
    0x08006e3a   0x08006e3a   0x00000002   PAD
    0x08006e3c   0x08006e3c   0x00000062   Code   RO         1452    .text.UART_Start_Receive_IT  stm32f4xx_hal_uart.o
    0x08006e9e   0x08006e9e   0x00000002   PAD
    0x08006ea0   0x08006ea0   0x00000094   Code   RO         1520    .text.UART_Transmit_IT  stm32f4xx_hal_uart.o
    0x08006f34   0x08006f34   0x00000010   Code   RO          167    .text.USART2_IRQHandler  stm32f4xx_it.o
    0x08006f44   0x08006f44   0x00000004   Code   RO          149    .text.UsageFault_Handler  stm32f4xx_it.o
    0x08006f48   0x08006f48   0x00000030   Code   RO          570    .text.__NVIC_EnableIRQ  stm32f4xx_hal_cortex.o
    0x08006f78   0x08006f78   0x00000010   Code   RO          562    .text.__NVIC_GetPriorityGrouping  stm32f4xx_hal_cortex.o
    0x08006f88   0x08006f88   0x00000042   Code   RO          564    .text.__NVIC_SetPriority  stm32f4xx_hal_cortex.o
    0x08006fca   0x08006fca   0x00000002   PAD
    0x08006fcc   0x08006fcc   0x0000003c   Code   RO          558    .text.__NVIC_SetPriorityGrouping  stm32f4xx_hal_cortex.o
    0x08007008   0x08007008   0x0000003c   Code   RO           13    .text.main          main.o
    0x08007044   0x08007044   0x00000026   Code   RO         1996    i.__ARM_fpclassifyf  m_wm.l(fpclassifyf.o)
    0x0800706a   0x0800706a   0x00000002   PAD
    0x0800706c   0x0800706c   0x00000150   Code   RO         1900    i.__hardfp_cosf     m_wm.l(cosf.o)
    0x080071bc   0x080071bc   0x00000190   Code   RO         1906    i.__hardfp_sinf     m_wm.l(sinf.o)
    0x0800734c   0x0800734c   0x00000006   Code   RO         1999    i.__mathlib_flt_infnan  m_wm.l(funder.o)
    0x08007352   0x08007352   0x00000002   PAD
    0x08007354   0x08007354   0x00000010   Code   RO         2001    i.__mathlib_flt_invalid  m_wm.l(funder.o)
    0x08007364   0x08007364   0x00000010   Code   RO         2004    i.__mathlib_flt_underflow  m_wm.l(funder.o)
    0x08007374   0x08007374   0x00000154   Code   RO         2012    i.__mathlib_rredf2  m_wm.l(rredf.o)
    0x080074c8   0x080074c8   0x0000001a   Code   RO         2061    x$fpl$fpinit        fz_wm.l(fpinit.o)
    0x080074e2   0x080074e2   0x00000000   Code   RO         1995    x$fpl$usenofp       fz_wm.l(usenofp.o)
    0x080074e2   0x080074e2   0x00000002   PAD
    0x080074e4   0x080074e4   0x00000020   Data   RO         2013    .constdata          m_wm.l(rredf.o)
    0x08007504   0x08007504   0x00000010   Data   RO         1562    .rodata.AHBPrescTable  system_stm32f4xx.o
    0x08007514   0x08007514   0x00000008   Data   RO         1563    .rodata.APBPrescTable  system_stm32f4xx.o
    0x0800751c   0x0800751c   0x00000008   Data   RO          488    .rodata.DMA_CalcBaseAndBitshift.flagBitshiftOffset  stm32f4xx_hal_dma.o
    0x08007524   0x08007524   0x00000020   Data   RO         2155    Region$$Table       anon$$obj.o


    Execution Region RW_IRAM1 (Exec base: 0x20000000, Load base: 0x08007548, Size: 0x00000ae8, Max: 0x0001c000, ABSOLUTE)

    Exec Addr    Load Addr    Size         Type   Attr      Idx    E Section Name        Object

    0x20000000   0x08007548   0x00000004   Data   RW         1561    .data.SystemCoreClock  system_stm32f4xx.o
    0x20000004   0x0800754c   0x00000001   Data   RW          688    .data.uwTickFreq    stm32f4xx_hal.o
    0x20000005   0x0800754d   0x00000003   PAD
    0x20000008   0x08007550   0x00000004   Data   RW          687    .data.uwTickPrio    stm32f4xx_hal.o
    0x2000000c   0x08007554   0x00000004   PAD
    0x20000010        -       0x00000060   Zero   RW         2020    .bss                c_w.l(libspace.o)
    0x20000070        -       0x00000004   Zero   RW           19    .bss.HAL_TIM_PeriodElapsedCallback.tick_count  main.o
    0x20000074        -       0x00000001   Zero   RW         1819    .bss.HAL_UART_RxCpltCallback.rx_byte  rs422_comm.o
    0x20000075   0x08007554   0x00000003   PAD
    0x20000078        -       0x00000004   Zero   RW         1769    .bss.System_Update.last_heartbeat_time  main_control.o
    0x2000007c        -       0x00000004   Zero   RW         1768    .bss.System_Update.last_status_time  main_control.o
    0x20000080        -       0x00000004   Zero   RW         1767    .bss.System_Update.last_time  main_control.o
    0x20000084        -       0x00000014   Zero   RW         1620    .bss.can_status     can_comm.o
    0x20000098        -       0x00000048   Zero   RW           42    .bss.hadc1          adc.o
    0x200000e0        -       0x00000028   Zero   RW           57    .bss.hcan1          can.o
    0x20000108        -       0x00000060   Zero   RW           43    .bss.hdma_adc1      adc.o
    0x20000168        -       0x00000054   Zero   RW           79    .bss.hi2c1          i2c.o
    0x200001bc        -       0x00000058   Zero   RW           93    .bss.hspi1          spi.o
    0x20000214        -       0x00000048   Zero   RW          117    .bss.htim1          tim.o
    0x2000025c        -       0x00000048   Zero   RW          118    .bss.htim2          tim.o
    0x200002a4        -       0x00000048   Zero   RW          119    .bss.htim6          tim.o
    0x200002ec        -       0x00000048   Zero   RW          133    .bss.huart2         usart.o
    0x20000334        -       0x000000f0   Zero   RW         1766    .bss.motor          main_control.o
    0x20000424        -       0x00000090   Zero   RW         1817    .bss.rs422_comm     rs422_comm.o
    0x200004b4        -       0x00000014   Zero   RW         1764    .bss.sys_config     main_control.o
    0x200004c8        -       0x00000014   Zero   RW         1765    .bss.sys_monitor    main_control.o
    0x200004dc        -       0x00000001   Zero   RW         1763    .bss.sys_state      main_control.o
    0x200004dd   0x08007554   0x00000003   PAD
    0x200004e0        -       0x00000004   Zero   RW          689    .bss.uwTick         stm32f4xx_hal.o
    0x200004e4   0x08007554   0x00000004   PAD
    0x200004e8        -       0x00000200   Zero   RW            2    HEAP                startup_stm32f407xx.o
    0x200006e8        -       0x00000400   Zero   RW            1    STACK               startup_stm32f407xx.o


    Execution Region RW_IRAM2 (Exec base: 0x2001c000, Load base: 0x08007558, Size: 0x00000000, Max: 0x00004000, ABSOLUTE)

    **** No section assigned to this execution region ****


==============================================================================

Image component sizes


      Code (inc. data)   RO Data    RW Data    ZI Data      Debug   Object Name

       374          0          0          0        168       6836   adc.o
       820         14          0          0          0       5431   bldc.o
       246          0          0          0         40       5960   can.o
       546          0          0          0         20       5195   can_comm.o
         8          0          0          0          0       4605   current_sense.o
        60          0          0          0          0       3302   dma.o
       488         36          0          0          0       3052   encoder.o
      1426         24          0          0          0       3428   foc.o
       338          0          0          0          0       2240   gpio.o
       216          0          0          0         84       5072   i2c.o
       432          0          0          0          4       5902   main.o
       638         20          0          0        293       4848   main_control.o
       330          0          0          0          0       2266   pid.o
       422          8          0          0        145       5655   rs422_comm.o
       224          0          0          0         88       4892   spi.o
        64         26        392          0       1536        860   startup_stm32f407xx.o
       204          0          0          5          4       7124   stm32f4xx_hal.o
      1654          0          0          0          0      10130   stm32f4xx_hal_adc.o
         8          0          0          0          0       8286   stm32f4xx_hal_adc_ex.o
      2456          0          0          0          0      11564   stm32f4xx_hal_can.o
       482          0          0          0          0       9735   stm32f4xx_hal_cortex.o
      1794          8          8          0          0       8513   stm32f4xx_hal_dma.o
      1080          0          0          0          0       5109   stm32f4xx_hal_gpio.o
       676          0          0          0          0      37698   stm32f4xx_hal_i2c.o
        74          0          0          0          0       1490   stm32f4xx_hal_msp.o
      2646          0          0          0          0       7613   stm32f4xx_hal_rcc.o
      1692          0          0          0          0      19473   stm32f4xx_hal_spi.o
      3438         14          0          0          0      36018   stm32f4xx_hal_tim.o
       764          0          0          0          0      15349   stm32f4xx_hal_tim_ex.o
      2522          0          0          0          0      20444   stm32f4xx_hal_uart.o
       146          0          0          0          0       1699   stm32f4xx_it.o
        18          0         24          4          0       2520   system_stm32f4xx.o
      1030          0          0          0        216       9491   tim.o
       230          0          0          0         72       6742   usart.o

    ----------------------------------------------------------------------
     27672        150        456         12       2684     288542   Object Totals
         0          0         32          0          0          0   (incl. Generated)
       126          0          0          3         14          0   (incl. Padding)

    ----------------------------------------------------------------------

      Code (inc. data)   RO Data    RW Data    ZI Data      Debug   Library Member Name

         8          0          0          0          0         68   __main.o
         0          0          0          0          0          0   __rtentry.o
        12          0          0          0          0          0   __rtentry2.o
         6          0          0          0          0          0   __rtentry4.o
        94          8          0          0          0          0   __scatter.o
        26          0          0          0          0          0   __scatter_copy.o
        28          0          0          0          0          0   __scatter_zi.o
        22          0          0          0          0        100   _rserrno.o
        18          0          0          0          0         80   exit.o
         6          0          0          0          0        152   heapauxi.o
         0          0          0          0          0          0   indicate_semi.o
         2          0          0          0          0          0   libinit.o
         6          0          0          0          0          0   libinit2.o
         2          0          0          0          0          0   libshutdown.o
         2          0          0          0          0          0   libshutdown2.o
         8          4          0          0         96         68   libspace.o
       240          0          0          0          0        100   lludivv7m.o
         8          4          0          0          0         68   rt_errno_addr_intlibspace.o
        78          0          0          0          0         80   rt_memclr_w.o
         2          0          0          0          0          0   rtexit.o
        10          0          0          0          0          0   rtexit2.o
        12          4          0          0          0         68   sys_exit.o
        74          0          0          0          0         80   sys_stackheap_outer.o
         2          0          0          0          0         68   use_no_semi.o
        26          0          0          0          0        116   fpinit.o
         0          0          0          0          0          0   usenofp.o
       336         56          0          0          0        136   cosf.o
        38          0          0          0          0        116   fpclassifyf.o
        38         12          0          0          0        348   funder.o
       340         24         32          0          0        160   rredf.o
       400         56          0          0          0        212   sinf.o

    ----------------------------------------------------------------------
      1860        168         32          0         96       2020   Library Totals
        16          0          0          0          0          0   (incl. Padding)

    ----------------------------------------------------------------------

      Code (inc. data)   RO Data    RW Data    ZI Data      Debug   Library Name

       666         20          0          0         96        932   c_w.l
        26          0          0          0          0        116   fz_wm.l
      1152        148         32          0          0        972   m_wm.l

    ----------------------------------------------------------------------
      1860        168         32          0         96       2020   Library Totals

    ----------------------------------------------------------------------

==============================================================================


      Code (inc. data)   RO Data    RW Data    ZI Data      Debug   

     29532        318        488         12       2780     289026   Grand Totals
     29532        318        488         12       2780     289026   ELF Image Totals
     29532        318        488         12          0          0   ROM Totals

==============================================================================

    Total RO  Size (Code + RO Data)                30020 (  29.32kB)
    Total RW  Size (RW Data + ZI Data)              2792 (   2.73kB)
    Total ROM Size (Code + RO Data + RW Data)      30032 (  29.33kB)

==============================================================================

