<html>
<body>
<pre>
<h1>µVision Build Log</h1>
<h2>Tool Versions:</h2>
IDE-Version: ¦ÌVision V5.42.0.0
Copyright (C) 2025 ARM Ltd and ARM Germany GmbH. All rights reserved.
License Information: 11 11, 11, LIC=MGXG8-3PZ28-GQM0H-WYWWX-FP81F-T7ZIN
 
Tool Versions:
Toolchain:       MDK-ARM Professional  Version: 5.42.0.0
Toolchain Path:  D:\keil_uvision\ARM\ARMCLANG\Bin
C Compiler:      ArmClang.exe V6.23
Assembler:       Armasm.exe V6.23
Linker/Locator:  ArmLink.exe V6.23
Library Manager: ArmAr.exe V6.23
Hex Converter:   FromElf.exe V6.23
CPU DLL:         SARMCM3.DLL V5.42.0.0
Dialog DLL:      DCM.DLL V1.17.5.0
Target DLL:      STLink\ST-LINKIII-KEIL_SWO.dll V3.3.0.0
Dialog DLL:      TCM.DLL V1.56.6.0
 
<h2>Project:</h2>
C:\Users\Zzzzz\Desktop\opencode_stm32\hy3\BLDC_FOC_Driver\MDK-ARM\BLDC_FOC_Driver.uvprojx
Project File Date:  04/25/2026

<h2>Output:</h2>
*** Using Compiler 'V6.23', folder: 'D:\keil_uvision\ARM\ARMCLANG\Bin'
Build target 'BLDC_FOC_Driver'
compiling main.c...
compiling usart.c...
compiling i2c.c...
compiling stm32f4xx_hal_msp.c...
compiling spi.c...
compiling stm32f4xx_it.c...
compiling adc.c...
compiling tim.c...
compiling gpio.c...
compiling dma.c...
assembling startup_stm32f407xx.s...
compiling can.c...
compiling stm32f4xx_hal_adc.c...
compiling stm32f4xx_hal_rcc.c...
compiling stm32f4xx_hal_rcc_ex.c...
compiling stm32f4xx_hal_adc_ex.c...
compiling stm32f4xx_hal_flash.c...
compiling stm32f4xx_hal_flash_ramfunc.c...
../Drivers/STM32F4xx_HAL_Driver/Src/stm32f4xx_hal_flash_ex.c(948): warning: unused parameter 'Banks' [-Wunused-parameter]
  948 | static void FLASH_MassErase(uint8_t VoltageRange, uint32_t Banks)
      |                                                            ^
../Drivers/STM32F4xx_HAL_Driver/Src/stm32f4xx_hal_flash_ex.c(1027): warning: unused parameter 'Banks' [-Wunused-parameter]
 1027 | static HAL_StatusTypeDef FLASH_OB_EnableWRP(uint32_t WRPSector, uint32_t Banks)
      |                                                                          ^
../Drivers/STM32F4xx_HAL_Driver/Src/stm32f4xx_hal_flash_ex.c(1063): warning: unused parameter 'Banks' [-Wunused-parameter]
 1063 | static HAL_StatusTypeDef FLASH_OB_DisableWRP(uint32_t WRPSector, uint32_t Banks)
      |                                                                           ^
3 warnings generated.
compiling stm32f4xx_hal_flash_ex.c...
compiling stm32f4xx_hal_gpio.c...
compiling stm32f4xx_hal_pwr_ex.c...
compiling stm32f4xx_hal_dma.c...
compiling stm32f4xx_hal_pwr.c...
compiling stm32f4xx_hal_dma_ex.c...
compiling stm32f4xx_hal_cortex.c...
compiling stm32f4xx_hal.c...
compiling stm32f4xx_hal_exti.c...
compiling stm32f4xx_hal_i2c_ex.c...
compiling stm32f4xx_hal_can.c...
compiling stm32f4xx_hal_spi.c...
compiling system_stm32f4xx.c...
compiling stm32f4xx_hal_i2c.c...
../../User/Src/can_comm.c(157): warning: unused parameter 'baudrate' [-Wunused-parameter]
  157 | void CAN_Set_Baudrate(uint32_t baudrate)
      |                                ^
1 warning generated.
compiling can_comm.c...
compiling stm32f4xx_hal_uart.c...
compiling bldc.c...
compiling stm32f4xx_hal_tim_ex.c...
../../User/Src/current_sense.c(17): warning: unused parameter 'current' [-Wunused-parameter]
   17 | void CurrentSense_Start(PhaseCurrent_t *current)
      |                                         ^
../../User/Src/current_sense.c(70): warning: unused parameter 'current' [-Wunused-parameter]
   70 | void CurrentSense_CalibrateOffset(PhaseCurrent_t *current)
      |                                                   ^
../../User/Src/current_sense.c(83): warning: unused parameter 'hadc' [-Wunused-parameter]
   83 | void HAL_ADC_ConvCpltCallback(ADC_HandleTypeDef* hadc)
      |                                                  ^
3 warnings generated.
compiling current_sense.c...
compiling encoder.c...
../../User/Src/foc.c(38): warning: unused parameter 'Ic' [-Wunused-parameter]
   38 | void Clark_Transform(float Ia, float Ib, float Ic, AlphaBeta_t *i_ab)
      |                                                ^
../../User/Src/foc.c(126): warning: unused parameter 'Ts' [-Wunused-parameter]
  126 | void FOC_Update(FOC_t *foc, float Ia, float Ib, float Ic, float theta_mech, float Ts)
      |                                                                                   ^
2 warnings generated.
compiling foc.c...
compiling i2c_dev.c...
compiling stm32f4xx_hal_tim.c...
compiling ir2103s_driver.c...
compiling main_control.c...
compiling pid.c...
compiling main_user.c...
compiling rs422_comm.c...
linking...
Program Size: Code=29532 RO-data=488 RW-data=12 ZI-data=2780  
FromELF: creating hex file...
"BLDC_FOC_Driver\BLDC_FOC_Driver.axf" - 0 Error(s), 9 Warning(s).

<h2>Software Packages used:</h2>

Package Vendor: ARM
                https://www.keil.com/pack/ARM.CMSIS.6.3.0.pack
                ARM::CMSIS@6.3.0
                CMSIS (Common Microcontroller Software Interface Standard)
   * Component: CORE Version: 6.2.0

Package Vendor: Keil
                https://www.keil.com/pack/Keil.STM32F4xx_DFP.3.1.1.pack
                Keil::STM32F4xx_DFP@3.1.1
                STMicroelectronics STM32F4 Series Device Support

<h2>Collection of Component include folders:</h2>
  ./RTE/_BLDC_FOC_Driver
  D:/keil_uvision_packs/ARM/CMSIS/6.3.0/CMSIS/Core/Include

<h2>Collection of Component Files used:</h2>

   * Component: ARM::CMSIS:CORE@6.2.0
      Include file:  CMSIS/Core/Include/tz_context.h
Build Time Elapsed:  00:00:03
</pre>
</body>
</html>
